###############################################################################
#
# IAR ELF Linker V8.40.1.212/W32 for ARM                  07/Aug/2019  21:56:08
# Copyright 2007-2019 IAR Systems AB.
#
#    Output file  =
#        E:\WORK\ST\STM32F013C8T6B_BluePill\Projects\SSD1306\projects\SSD1306_i2c\EWARM\ST_LINK\Exe\Project.out
#    Map file     =
#        E:\WORK\ST\STM32F013C8T6B_BluePill\Projects\SSD1306\projects\SSD1306_i2c\EWARM\ST_LINK\List\Project.map
#    Command line =
#        -f C:\Users\SS\AppData\Local\Temp\EW3CB5.tmp
#        (E:\WORK\ST\STM32F013C8T6B_BluePill\Projects\SSD1306\projects\SSD1306_i2c\EWARM\ST_LINK\Obj\bmp180.o
#        E:\WORK\ST\STM32F013C8T6B_BluePill\Projects\SSD1306\projects\SSD1306_i2c\EWARM\ST_LINK\Obj\display.o
#        E:\WORK\ST\STM32F013C8T6B_BluePill\Projects\SSD1306\projects\SSD1306_i2c\EWARM\ST_LINK\Obj\iic.o
#        E:\WORK\ST\STM32F013C8T6B_BluePill\Projects\SSD1306\projects\SSD1306_i2c\EWARM\ST_LINK\Obj\main.o
#        E:\WORK\ST\STM32F013C8T6B_BluePill\Projects\SSD1306\projects\SSD1306_i2c\EWARM\ST_LINK\Obj\misc.o
#        E:\WORK\ST\STM32F013C8T6B_BluePill\Projects\SSD1306\projects\SSD1306_i2c\EWARM\ST_LINK\Obj\si7021.o
#        E:\WORK\ST\STM32F013C8T6B_BluePill\Projects\SSD1306\projects\SSD1306_i2c\EWARM\ST_LINK\Obj\ssd1306.o
#        E:\WORK\ST\STM32F013C8T6B_BluePill\Projects\SSD1306\projects\SSD1306_i2c\EWARM\ST_LINK\Obj\ssd1306_fonts.o
#        E:\WORK\ST\STM32F013C8T6B_BluePill\Projects\SSD1306\projects\SSD1306_i2c\EWARM\ST_LINK\Obj\startup_stm32f10x_md.o
#        E:\WORK\ST\STM32F013C8T6B_BluePill\Projects\SSD1306\projects\SSD1306_i2c\EWARM\ST_LINK\Obj\stm32f10x_adc.o
#        E:\WORK\ST\STM32F013C8T6B_BluePill\Projects\SSD1306\projects\SSD1306_i2c\EWARM\ST_LINK\Obj\stm32f10x_bkp.o
#        E:\WORK\ST\STM32F013C8T6B_BluePill\Projects\SSD1306\projects\SSD1306_i2c\EWARM\ST_LINK\Obj\stm32f10x_can.o
#        E:\WORK\ST\STM32F013C8T6B_BluePill\Projects\SSD1306\projects\SSD1306_i2c\EWARM\ST_LINK\Obj\stm32f10x_cec.o
#        E:\WORK\ST\STM32F013C8T6B_BluePill\Projects\SSD1306\projects\SSD1306_i2c\EWARM\ST_LINK\Obj\stm32f10x_crc.o
#        E:\WORK\ST\STM32F013C8T6B_BluePill\Projects\SSD1306\projects\SSD1306_i2c\EWARM\ST_LINK\Obj\stm32f10x_dac.o
#        E:\WORK\ST\STM32F013C8T6B_BluePill\Projects\SSD1306\projects\SSD1306_i2c\EWARM\ST_LINK\Obj\stm32f10x_dbgmcu.o
#        E:\WORK\ST\STM32F013C8T6B_BluePill\Projects\SSD1306\projects\SSD1306_i2c\EWARM\ST_LINK\Obj\stm32f10x_dma.o
#        E:\WORK\ST\STM32F013C8T6B_BluePill\Projects\SSD1306\projects\SSD1306_i2c\EWARM\ST_LINK\Obj\stm32f10x_exti.o
#        E:\WORK\ST\STM32F013C8T6B_BluePill\Projects\SSD1306\projects\SSD1306_i2c\EWARM\ST_LINK\Obj\stm32f10x_flash.o
#        E:\WORK\ST\STM32F013C8T6B_BluePill\Projects\SSD1306\projects\SSD1306_i2c\EWARM\ST_LINK\Obj\stm32f10x_fsmc.o
#        E:\WORK\ST\STM32F013C8T6B_BluePill\Projects\SSD1306\projects\SSD1306_i2c\EWARM\ST_LINK\Obj\stm32f10x_gpio.o
#        E:\WORK\ST\STM32F013C8T6B_BluePill\Projects\SSD1306\projects\SSD1306_i2c\EWARM\ST_LINK\Obj\stm32f10x_i2c.o
#        E:\WORK\ST\STM32F013C8T6B_BluePill\Projects\SSD1306\projects\SSD1306_i2c\EWARM\ST_LINK\Obj\stm32f10x_it.o
#        E:\WORK\ST\STM32F013C8T6B_BluePill\Projects\SSD1306\projects\SSD1306_i2c\EWARM\ST_LINK\Obj\stm32f10x_iwdg.o
#        E:\WORK\ST\STM32F013C8T6B_BluePill\Projects\SSD1306\projects\SSD1306_i2c\EWARM\ST_LINK\Obj\stm32f10x_pwr.o
#        E:\WORK\ST\STM32F013C8T6B_BluePill\Projects\SSD1306\projects\SSD1306_i2c\EWARM\ST_LINK\Obj\stm32f10x_rcc.o
#        E:\WORK\ST\STM32F013C8T6B_BluePill\Projects\SSD1306\projects\SSD1306_i2c\EWARM\ST_LINK\Obj\stm32f10x_rtc.o
#        E:\WORK\ST\STM32F013C8T6B_BluePill\Projects\SSD1306\projects\SSD1306_i2c\EWARM\ST_LINK\Obj\stm32f10x_sdio.o
#        E:\WORK\ST\STM32F013C8T6B_BluePill\Projects\SSD1306\projects\SSD1306_i2c\EWARM\ST_LINK\Obj\stm32f10x_spi.o
#        E:\WORK\ST\STM32F013C8T6B_BluePill\Projects\SSD1306\projects\SSD1306_i2c\EWARM\ST_LINK\Obj\stm32f10x_tim.o
#        E:\WORK\ST\STM32F013C8T6B_BluePill\Projects\SSD1306\projects\SSD1306_i2c\EWARM\ST_LINK\Obj\stm32f10x_usart.o
#        E:\WORK\ST\STM32F013C8T6B_BluePill\Projects\SSD1306\projects\SSD1306_i2c\EWARM\ST_LINK\Obj\stm32f10x_wwdg.o
#        E:\WORK\ST\STM32F013C8T6B_BluePill\Projects\SSD1306\projects\SSD1306_i2c\EWARM\ST_LINK\Obj\system_stm32f10x.o
#        --redirect _Printf=_PrintfFull --redirect _Scanf=_ScanfFull
#        --no_out_extension -o
#        E:\WORK\ST\STM32F013C8T6B_BluePill\Projects\SSD1306\projects\SSD1306_i2c\EWARM\ST_LINK\Exe\Project.out
#        --map
#        E:\WORK\ST\STM32F013C8T6B_BluePill\Projects\SSD1306\projects\SSD1306_i2c\EWARM\ST_LINK\List\Project.map
#        --config
#        E:\WORK\ST\STM32F013C8T6B_BluePill\Projects\SSD1306\projects\SSD1306_i2c\EWARM\stm32f10x_flash.icf
#        --semihosting --entry __iar_program_start --vfe --text_out locale)
#
###############################################################################

*******************************************************************************
*** RUNTIME MODEL ATTRIBUTES
***

CppFlavor       = *
__SystemLibrary = DLib
__dlib_version  = 6


*******************************************************************************
*** HEAP SELECTION
***

The basic heap was selected because no calls to memory allocation
functions were found in the application outside of system library
functions, and there are calls to deallocation functions in the
application.


*******************************************************************************
*** PLACEMENT SUMMARY
***

"A0":  place at address 0x800'0000 { ro section .intvec };
"P1":  place in [from 0x800'0000 to 0x80f'ffff] { ro };
define block CSTACK with size = 1K, alignment = 8 { };
define block HEAP with size = 512, alignment = 8 { };
"P2":  place in [from 0x2000'0000 to 0x2001'7fff] {
          rw, block CSTACK, block HEAP };
initialize by copy { rw };

  Section            Kind         Address    Size  Object
  -------            ----         -------    ----  ------
"A0":                                        0xec
  .intvec            ro code   0x800'0000    0xec  startup_stm32f10x_md.o [1]
                             - 0x800'00ec    0xec

"P1":                                      0x30c4
  .rodata            const     0x800'00ec   0xb68  ssd1306_fonts.o [1]
  .text              ro code   0x800'0c54   0x538  bmp180.o [1]
  .text              ro code   0x800'118c   0x25a  stm32f10x_i2c.o [1]
  .text              ro code   0x800'13e6    0x3a  zero_init3.o [4]
  .text              ro code   0x800'1420    0xfa  stm32f10x_gpio.o [1]
  .text              ro code   0x800'151a    0x2e  copy_init3.o [4]
  .text              ro code   0x800'1548    0x24  S32ToFlt.o [3]
  .text              ro code   0x800'156c    0xfc  FltDiv.o [3]
  .text              ro code   0x800'1668   0x16c  stm32f10x_rcc.o [1]
  .text              ro code   0x800'17d4   0x4e4  ssd1306.o [1]
  .text              ro code   0x800'1cb8   0x47c  iic.o [1]
  .text              ro code   0x800'2134    0x66  ABImemset.o [4]
  .text              ro code   0x800'219a    0x12  stm32f10x_it.o [1]
  .text              ro code   0x800'21ac    0x78  misc.o [1]
  .text              ro code   0x800'2224   0x1d8  stm32f10x_dma.o [1]
  .text              ro code   0x800'23fc   0x246  DblDiv.o [3]
  .text              ro code   0x800'2644   0x1a2  DblMul.o [3]
  .text              ro code   0x800'27e8   0x17a  DblAdd.o [3]
  .text              ro code   0x800'2964    0xd2  DblSub.o [3]
  .rodata            const     0x800'2a38   0x178  ssd1306_fonts.o [1]
  .text              ro code   0x800'2bb0   0x16a  si7021.o [1]
  .text              ro code   0x800'2d1c    0x1a  U32ToDbl.o [3]
  .text              ro code   0x800'2d38    0x68  DblToFlt.o [3]
  .text              ro code   0x800'2da0   0x118  main.o [1]
  .text              ro code   0x800'2eb8    0x10  display.o [1]
  .text              ro code   0x800'2ec8    0x48  FltToDbl.o [3]
  .text              ro code   0x800'2f10   0x118  system_stm32f10x.o [1]
  .text              ro code   0x800'3028    0x28  data_init.o [4]
  Initializer bytes  const     0x800'3050    0x24  <for P2-1>
  .iar.init_table    const     0x800'3074    0x24  - Linker created -
  .text              ro code   0x800'3098    0x1e  cmain.o [4]
  .text              ro code   0x800'30b6     0x4  low_level_init.o [2]
  .text              ro code   0x800'30ba     0x4  exit.o [2]
  .text              ro code   0x800'30c0     0xa  cexit.o [4]
  .text              ro code   0x800'30cc    0x14  exit.o [5]
  .text              ro code   0x800'30e0    0x10  startup_stm32f10x_md.o [1]
  .text              ro code   0x800'30f0     0xc  cstartup_M.o [4]
  .rodata            const     0x800'30fc     0x8  main.o [1]
  .rodata            const     0x800'3104     0x8  main.o [1]
  .text              ro code   0x800'310c     0x4  startup_stm32f10x_md.o [1]
  .text              ro code   0x800'3110     0x4  startup_stm32f10x_md.o [1]
  .text              ro code   0x800'3114     0x4  startup_stm32f10x_md.o [1]
  .text              ro code   0x800'3118     0x4  startup_stm32f10x_md.o [1]
  .text              ro code   0x800'311c     0x4  startup_stm32f10x_md.o [1]
  .text              ro code   0x800'3120     0x4  startup_stm32f10x_md.o [1]
  .text              ro code   0x800'3124     0x4  startup_stm32f10x_md.o [1]
  .text              ro code   0x800'3128     0x4  startup_stm32f10x_md.o [1]
  .text              ro code   0x800'312c     0x4  startup_stm32f10x_md.o [1]
  .text              ro code   0x800'3130     0x4  startup_stm32f10x_md.o [1]
  .text              ro code   0x800'3134     0x4  startup_stm32f10x_md.o [1]
  .text              ro code   0x800'3138     0x4  startup_stm32f10x_md.o [1]
  .text              ro code   0x800'313c     0x4  startup_stm32f10x_md.o [1]
  .text              ro code   0x800'3140     0x4  startup_stm32f10x_md.o [1]
  .text              ro code   0x800'3144     0x4  startup_stm32f10x_md.o [1]
  .text              ro code   0x800'3148     0x4  startup_stm32f10x_md.o [1]
  .text              ro code   0x800'314c     0x4  startup_stm32f10x_md.o [1]
  .text              ro code   0x800'3150     0x4  startup_stm32f10x_md.o [1]
  .text              ro code   0x800'3154     0x4  startup_stm32f10x_md.o [1]
  .text              ro code   0x800'3158     0x4  startup_stm32f10x_md.o [1]
  .text              ro code   0x800'315c     0x4  startup_stm32f10x_md.o [1]
  .text              ro code   0x800'3160     0x4  startup_stm32f10x_md.o [1]
  .text              ro code   0x800'3164     0x4  startup_stm32f10x_md.o [1]
  .text              ro code   0x800'3168     0x4  startup_stm32f10x_md.o [1]
  .text              ro code   0x800'316c     0x4  startup_stm32f10x_md.o [1]
  .text              ro code   0x800'3170     0x4  startup_stm32f10x_md.o [1]
  .text              ro code   0x800'3174     0x4  startup_stm32f10x_md.o [1]
  .text              ro code   0x800'3178     0x4  startup_stm32f10x_md.o [1]
  .text              ro code   0x800'317c     0x4  startup_stm32f10x_md.o [1]
  .text              ro code   0x800'3180     0x4  startup_stm32f10x_md.o [1]
  .text              ro code   0x800'3184     0x4  startup_stm32f10x_md.o [1]
  .text              ro code   0x800'3188     0x4  startup_stm32f10x_md.o [1]
  .text              ro code   0x800'318c     0x4  startup_stm32f10x_md.o [1]
  .text              ro code   0x800'3190     0x4  startup_stm32f10x_md.o [1]
  .text              ro code   0x800'3194     0x4  startup_stm32f10x_md.o [1]
  .text              ro code   0x800'3198     0x4  startup_stm32f10x_md.o [1]
  .text              ro code   0x800'319c     0x4  startup_stm32f10x_md.o [1]
  .text              ro code   0x800'31a0     0x4  startup_stm32f10x_md.o [1]
  .text              ro code   0x800'31a4     0x4  startup_stm32f10x_md.o [1]
  .text              ro code   0x800'31a8     0x4  startup_stm32f10x_md.o [1]
  .text              ro code   0x800'31ac     0x4  startup_stm32f10x_md.o [1]
  .rodata            const     0x800'31b0     0x0  zero_init3.o [4]
  .rodata            const     0x800'31b0     0x0  copy_init3.o [4]
                             - 0x800'31b0  0x30c4

"P2", part 1 of 3:                           0x24
  P2-1                        0x2000'0000    0x24  <Init block>
    .data            inited   0x2000'0000     0x4  iic.o [1]
    .data            inited   0x2000'0004     0xc  ssd1306_fonts.o [1]
    .data            inited   0x2000'0010    0x10  stm32f10x_rcc.o [1]
    .data            inited   0x2000'0020     0x4  stm32f10x_rcc.o [1]
                            - 0x2000'0024    0x24

"P2", part 2 of 3:                          0x490
  .bss               zero     0x2000'0024   0x400  ssd1306.o [1]
  .bss               zero     0x2000'0424    0x2c  iic.o [1]
  .bss               zero     0x2000'0450     0x8  main.o [1]
  .bss               zero     0x2000'0458     0x8  main.o [1]
  .bss               zero     0x2000'0460     0x8  ssd1306.o [1]
  .bss               zero     0x2000'0468     0x4  bmp180.o [1]
  .bss               zero     0x2000'046c     0x4  bmp180.o [1]
  .bss               zero     0x2000'0470     0x4  bmp180.o [1]
  .bss               zero     0x2000'0474     0x4  bmp180.o [1]
  .bss               zero     0x2000'0478     0x4  bmp180.o [1]
  .bss               zero     0x2000'047c     0x4  bmp180.o [1]
  .bss               zero     0x2000'0480     0x4  bmp180.o [1]
  .bss               zero     0x2000'0484     0x4  bmp180.o [1]
  .bss               zero     0x2000'0488     0x4  bmp180.o [1]
  .bss               zero     0x2000'048c     0x4  bmp180.o [1]
  .bss               zero     0x2000'0490     0x4  bmp180.o [1]
  .bss               zero     0x2000'0494     0x4  main.o [1]
  .bss               zero     0x2000'0498     0x4  ssd1306.o [1]
  .bss               zero     0x2000'049c     0x2  bmp180.o [1]
  .bss               zero     0x2000'049e     0x2  bmp180.o [1]
  .bss               zero     0x2000'04a0     0x2  bmp180.o [1]
  .bss               zero     0x2000'04a2     0x2  bmp180.o [1]
  .bss               zero     0x2000'04a4     0x2  bmp180.o [1]
  .bss               zero     0x2000'04a6     0x2  bmp180.o [1]
  .bss               zero     0x2000'04a8     0x2  bmp180.o [1]
  .bss               zero     0x2000'04aa     0x2  bmp180.o [1]
  .bss               zero     0x2000'04ac     0x2  bmp180.o [1]
  .bss               zero     0x2000'04ae     0x2  bmp180.o [1]
  .bss               zero     0x2000'04b0     0x2  bmp180.o [1]
  .bss               zero     0x2000'04b2     0x2  bmp180.o [1]
                            - 0x2000'04b4   0x490

"P2", part 3 of 3:                          0x400
  CSTACK                      0x2000'04b8   0x400  <Block>
    CSTACK           uninit   0x2000'04b8   0x400  <Block tail>
                            - 0x2000'08b8   0x400

Unused ranges:

         From           To      Size
         ----           --      ----
   0x800'31b0   0x80f'ffff  0xf'ce50
  0x2000'04b4  0x2000'04b7       0x4
  0x2000'08b8  0x2001'7fff  0x1'7748


*******************************************************************************
*** INIT TABLE
***

          Address      Size
          -------      ----
Zero (__iar_zero_init3)
    1 destination range, total size 0x490:
          0x2000'0024  0x490

Copy (__iar_copy_init3)
    1 source range, total size 0x24:
           0x800'3050   0x24
    1 destination range, total size 0x24:
          0x2000'0000   0x24



*******************************************************************************
*** MODULE SUMMARY
***

    Module                  ro code  ro data  rw data
    ------                  -------  -------  -------
command line/config:
    -------------------------------------------------
    Total:

E:\WORK\ST\STM32F013C8T6B_BluePill\Projects\SSD1306\projects\SSD1306_i2c\EWARM\ST_LINK\Obj: [1]
    bmp180.o                  1'336                68
    display.o                    16
    iic.o                     1'148        4       48
    main.o                      280       16       20
    misc.o                      120
    si7021.o                    362
    ssd1306.o                 1'252             1'036
    ssd1306_fonts.o                    3'308       12
    startup_stm32f10x_md.o      416
    stm32f10x_dma.o             472
    stm32f10x_gpio.o            250
    stm32f10x_i2c.o             602
    stm32f10x_it.o               18
    stm32f10x_rcc.o             364       20       20
    system_stm32f10x.o          280
    -------------------------------------------------
    Total:                    6'916    3'348    1'204

dl7M_tlf.a: [2]
    exit.o                        4
    low_level_init.o              4
    -------------------------------------------------
    Total:                        8

m7M_tl.a: [3]
    DblAdd.o                    378
    DblDiv.o                    582
    DblMul.o                    418
    DblSub.o                    210
    DblToFlt.o                  104
    FltDiv.o                    252
    FltToDbl.o                   72
    S32ToFlt.o                   36
    U32ToDbl.o                   26
    -------------------------------------------------
    Total:                    2'078

rt7M_tl.a: [4]
    ABImemset.o                 102
    cexit.o                      10
    cmain.o                      30
    copy_init3.o                 46
    cstartup_M.o                 12
    data_init.o                  40
    zero_init3.o                 58
    -------------------------------------------------
    Total:                      298

shb_l.a: [5]
    exit.o                       20
    -------------------------------------------------
    Total:                       20

    Gaps                         14        2
    Linker created                        36    1'024
-----------------------------------------------------
    Grand Total:              9'334    3'386    2'228


*******************************************************************************
*** ENTRY LIST
***

Entry                       Address   Size  Type      Object
-----                       -------   ----  ----      ------
.iar.init_table$$Base    0x800'3074          --   Gb  - Linker created -
.iar.init_table$$Limit   0x800'3098          --   Gb  - Linker created -
?main                    0x800'3099         Code  Gb  cmain.o [4]
AC1                     0x2000'049c    0x2  Data  Gb  bmp180.o [1]
AC2                     0x2000'049e    0x2  Data  Gb  bmp180.o [1]
AC3                     0x2000'04a0    0x2  Data  Gb  bmp180.o [1]
AC4                     0x2000'04a2    0x2  Data  Gb  bmp180.o [1]
AC5                     0x2000'04a4    0x2  Data  Gb  bmp180.o [1]
AC6                     0x2000'04a6    0x2  Data  Gb  bmp180.o [1]
ADCPrescTable           0x2000'0020    0x4  Data  Lc  stm32f10x_rcc.o [1]
APBAHBPrescTable        0x2000'0010   0x10  Data  Lc  stm32f10x_rcc.o [1]
B1                      0x2000'04a8    0x2  Data  Gb  bmp180.o [1]
B2                      0x2000'04aa    0x2  Data  Gb  bmp180.o [1]
B3                      0x2000'0484    0x4  Data  Gb  bmp180.o [1]
B4                      0x2000'0488    0x4  Data  Gb  bmp180.o [1]
B5                      0x2000'047c    0x4  Data  Gb  bmp180.o [1]
B6                      0x2000'0480    0x4  Data  Gb  bmp180.o [1]
B7                      0x2000'048c    0x4  Data  Gb  bmp180.o [1]
BMP180_Setup             0x800'0c57  0x152  Code  Gb  bmp180.o [1]
BMP180_get_T_P           0x800'0eb5  0x254  Code  Gb  bmp180.o [1]
BusFault_Handler         0x800'21a1    0x2  Code  Gb  stm32f10x_it.o [1]
CSTACK$$Base            0x2000'04b8          --   Gb  - Linker created -
CSTACK$$Limit           0x2000'08b8          --   Gb  - Linker created -
DMA1_Channel6_IRQHandler
                         0x800'1e11   0x62  Code  Gb  iic.o [1]
DMA1_Channel7_IRQHandler
                         0x800'1e73   0x28  Code  Gb  iic.o [1]
DMA_ClearFlag            0x800'23ab   0x10  Code  Gb  stm32f10x_dma.o [1]
DMA_Cmd                  0x800'2353   0x1e  Code  Gb  stm32f10x_dma.o [1]
DMA_DeInit               0x800'2225   0xf2  Code  Gb  stm32f10x_dma.o [1]
DMA_GetFlagStatus        0x800'2389   0x22  Code  Gb  stm32f10x_dma.o [1]
DMA_ITConfig             0x800'2371   0x18  Code  Gb  stm32f10x_dma.o [1]
DMA_Init                 0x800'2317   0x3c  Code  Gb  stm32f10x_dma.o [1]
DebugMon_Handler         0x800'21a7    0x2  Code  Gb  stm32f10x_it.o [1]
GPIO_Init                0x800'1421   0xea  Code  Gb  stm32f10x_gpio.o [1]
GPIO_InitStructure      0x2000'0494    0x4  Data  Gb  main.o [1]
GPIO_ResetBits           0x800'1513    0x8  Code  Gb  stm32f10x_gpio.o [1]
GPIO_SetBits             0x800'150b    0x8  Code  Gb  stm32f10x_gpio.o [1]
GPIO_Setup               0x800'2e37   0x3a  Code  Gb  main.o [1]
HardFault_Handler        0x800'219d    0x2  Code  Gb  stm32f10x_it.o [1]
I2C_AcknowledgeConfig    0x800'132d   0x1e  Code  Gb  stm32f10x_i2c.o [1]
I2C_CheckEvent           0x800'1373   0x30  Code  Gb  stm32f10x_i2c.o [1]
I2C_Cmd                  0x800'12b5   0x1e  Code  Gb  stm32f10x_i2c.o [1]
I2C_DMACmd               0x800'12d3   0x1e  Code  Gb  stm32f10x_i2c.o [1]
I2C_DeInit               0x800'118d   0x36  Code  Gb  stm32f10x_i2c.o [1]
I2C_GenerateSTART        0x800'12f1   0x1e  Code  Gb  stm32f10x_i2c.o [1]
I2C_GenerateSTOP         0x800'130f   0x1e  Code  Gb  stm32f10x_i2c.o [1]
I2C_GetFlagStatus        0x800'13a3   0x44  Code  Gb  stm32f10x_i2c.o [1]
I2C_Init                 0x800'11c3   0xe2  Code  Gb  stm32f10x_i2c.o [1]
I2C_ReceiveData          0x800'1353    0x6  Code  Gb  stm32f10x_i2c.o [1]
I2C_Send7bitAddress      0x800'1359   0x1a  Code  Gb  stm32f10x_i2c.o [1]
I2C_SendData             0x800'134b    0x8  Code  Gb  stm32f10x_i2c.o [1]
I2C_Setup                0x800'0c55    0x2  Code  Gb  bmp180.o [1]
I2C_read                 0x800'0e17   0x9e  Code  Gb  bmp180.o [1]
I2C_write                0x800'0da9   0x6e  Code  Gb  bmp180.o [1]
InitDisplay              0x800'2eb9    0xa  Code  Gb  display.o [1]
MB                      0x2000'04ac    0x2  Data  Gb  bmp180.o [1]
MC                      0x2000'04ae    0x2  Data  Gb  bmp180.o [1]
MD                      0x2000'04b0    0x2  Data  Gb  bmp180.o [1]
MemManage_Handler        0x800'219f    0x2  Code  Gb  stm32f10x_it.o [1]
NMI_Handler              0x800'219b    0x2  Code  Gb  stm32f10x_it.o [1]
NVIC_Init                0x800'21ad   0x66  Code  Gb  misc.o [1]
P                       0x2000'0490    0x4  Data  Gb  bmp180.o [1]
PendSV_Handler           0x800'21a9    0x2  Code  Gb  stm32f10x_it.o [1]
PressAndTemp            0x2000'0450    0x8  Data  Gb  main.o [1]
RCC_AHBPeriphClockCmd    0x800'1741   0x1c  Code  Gb  stm32f10x_rcc.o [1]
RCC_APB1PeriphClockCmd   0x800'1779   0x1c  Code  Gb  stm32f10x_rcc.o [1]
RCC_APB1PeriphResetCmd   0x800'1795   0x1c  Code  Gb  stm32f10x_rcc.o [1]
RCC_APB2PeriphClockCmd   0x800'175d   0x1c  Code  Gb  stm32f10x_rcc.o [1]
RCC_GetClocksFreq        0x800'1669   0xd8  Code  Gb  stm32f10x_rcc.o [1]
Region$$Table$$Base      0x800'3074          --   Gb  - Linker created -
Region$$Table$$Limit     0x800'3098          --   Gb  - Linker created -
RelativeHumidityAndTemperature
                        0x2000'0458    0x8  Data  Gb  main.o [1]
SI75_ReadReg             0x800'2bb1   0xba  Code  Gb  si7021.o [1]
SSD1306                 0x2000'0460    0x8  Data  Lc  ssd1306.o [1]
SSD1306_Buffer          0x2000'0024  0x400  Data  Lc  ssd1306.o [1]
SSD1306_DrawPixel        0x800'19f7   0xda  Code  Gb  ssd1306.o [1]
SSD1306_Fill             0x800'19d1   0x26  Code  Gb  ssd1306.o [1]
SSD1306_GotoXY           0x800'1ad1    0xa  Code  Gb  ssd1306.o [1]
SSD1306_Init             0x800'17d5  0x150  Code  Gb  ssd1306.o [1]
SSD1306_Putc             0x800'1adb   0xe0  Code  Gb  ssd1306.o [1]
SSD1306_Puts             0x800'1bbb   0x2e  Code  Gb  ssd1306.o [1]
SSD1306_UpdateScreen     0x800'1925   0x4c  Code  Gb  ssd1306.o [1]
SSD1306_UpdateScreenDMA
                         0x800'1971   0x60  Code  Gb  ssd1306.o [1]
SVC_Handler              0x800'21a5    0x2  Code  Gb  stm32f10x_it.o [1]
SetSysClock              0x800'2f55    0x8  Code  Lc  system_stm32f10x.o [1]
SetSysClockTo72          0x800'2f5d   0xae  Code  Lc  system_stm32f10x.o [1]
Si7021_ReadRH            0x800'2c6b   0x40  Code  Gb  si7021.o [1]
Si7021_ReadTempFormer    0x800'2cab   0x30  Code  Gb  si7021.o [1]
Si7021_Read_RH_Temp      0x800'2d09   0x12  Code  Gb  si7021.o [1]
SysTick_Handler          0x800'21ab    0x2  Code  Gb  stm32f10x_it.o [1]
SystemInit               0x800'2f11   0x44  Code  Gb  system_stm32f10x.o [1]
T                       0x2000'04b2    0x2  Data  Gb  bmp180.o [1]
UP                      0x2000'046c    0x4  Data  Gb  bmp180.o [1]
UT                      0x2000'0468    0x4  Data  Gb  bmp180.o [1]
UsageFault_Handler       0x800'21a3    0x2  Code  Gb  stm32f10x_it.o [1]
X1                      0x2000'0470    0x4  Data  Gb  bmp180.o [1]
X2                      0x2000'0474    0x4  Data  Gb  bmp180.o [1]
X3                      0x2000'0478    0x4  Data  Gb  bmp180.o [1]
__aeabi_d2f              0x800'2d39         Code  Gb  DblToFlt.o [3]
__aeabi_dadd             0x800'27e9         Code  Gb  DblAdd.o [3]
__aeabi_ddiv             0x800'23fd         Code  Gb  DblDiv.o [3]
__aeabi_dmul             0x800'2645         Code  Gb  DblMul.o [3]
__aeabi_f2d              0x800'2ec9         Code  Gb  FltToDbl.o [3]
__aeabi_fdiv             0x800'156d         Code  Gb  FltDiv.o [3]
__aeabi_i2f              0x800'1549         Code  Gb  S32ToFlt.o [3]
__aeabi_memset           0x800'2135         Code  Gb  ABImemset.o [4]
__aeabi_ui2d             0x800'2d1d         Code  Gb  U32ToDbl.o [3]
__cmain                  0x800'3099         Code  Gb  cmain.o [4]
__exit                   0x800'30cd   0x14  Code  Gb  exit.o [5]
__iar_Memset             0x800'2135         Code  Gb  ABImemset.o [4]
__iar_Memset_word        0x800'213d         Code  Gb  ABImemset.o [4]
__iar_copy_init3         0x800'151b   0x2e  Code  Gb  copy_init3.o [4]
__iar_dadd               0x800'2965         Code  Gb  DblSub.o [3]
__iar_data_init3         0x800'3029   0x28  Code  Gb  data_init.o [4]
__iar_dsub               0x800'27f9         Code  Gb  DblAdd.o [3]
__iar_dsubStart          0x800'280b         Code  Gb  DblAdd.o [3]
__iar_program_start      0x800'30f1         Code  Gb  cstartup_M.o [4]
__iar_zero_init3         0x800'13e7   0x3a  Code  Gb  zero_init3.o [4]
__low_level_init         0x800'30b7    0x4  Code  Gb  low_level_init.o [2]
__vector_table           0x800'0000         Data  Gb  startup_stm32f10x_md.o [1]
_call_main               0x800'30a5         Code  Gb  cmain.o [4]
_exit                    0x800'30c1         Code  Gb  cexit.o [4]
_main                    0x800'30b3         Code  Gb  cmain.o [4]
delay                    0x800'2ea9   0x10  Code  Gb  main.o [1]
exit                     0x800'30bb    0x4  Code  Gb  exit.o [2]
hi2c1                   0x2000'0498    0x4  Data  Gb  ssd1306.o [1]
i2cm_Start               0x800'1fc3   0xaa  Code  Gb  iic.o [1]
i2cm_Stop                0x800'206d   0x36  Code  Gb  iic.o [1]
i2cm_WriteBuff           0x800'20a3   0x50  Code  Gb  iic.o [1]
i2cm_init                0x800'1cb9  0x158  Code  Gb  iic.o [1]
main                     0x800'2da1   0x96  Code  Gb  main.o [1]
microsoftSansSerif_14ptBitmaps
                         0x800'00ec  0xb68  Data  Gb  ssd1306_fonts.o [1]
microsoftSansSerif_14ptDescriptors
                         0x800'2a38  0x178  Data  Gb  ssd1306_fonts.o [1]
microsoftSansSerif_14ptFontInfo
                        0x2000'0004    0xc  Data  Gb  ssd1306_fonts.o [1]
sEEDMA_InitStructure    0x2000'0424   0x2c  Data  Gb  iic.o [1]
sEETimeout              0x2000'0000    0x4  Data  Gb  iic.o [1]
sEE_LowLevel_DMAConfig   0x800'1f93   0x30  Code  Gb  iic.o [1]
sEE_TIMEOUT_UserCallback
                         0x800'1e9b    0x2  Code  Gb  iic.o [1]
sEE_WritePage            0x800'1e9d   0xf6  Code  Gb  iic.o [1]
ssd1306_I2C_Init         0x800'1be9    0xe  Code  Gb  ssd1306.o [1]
ssd1306_I2C_Write        0x800'1c5b   0x48  Code  Gb  ssd1306.o [1]
ssd1306_I2C_WriteMulti   0x800'1bf7   0x64  Code  Gb  ssd1306.o [1]


[1] = E:\WORK\ST\STM32F013C8T6B_BluePill\Projects\SSD1306\projects\SSD1306_i2c\EWARM\ST_LINK\Obj
[2] = dl7M_tlf.a
[3] = m7M_tl.a
[4] = rt7M_tl.a
[5] = shb_l.a

  9'334 bytes of readonly  code memory
  3'386 bytes of readonly  data memory
  2'228 bytes of readwrite data memory

Errors: none
Warnings: none
