###############################################################################
#
# IAR ELF Linker V8.32.2.178/W32 for ARM                  08/Aug/2019  11:27:05
# Copyright 2007-2018 IAR Systems AB.
#
#    Output file  =  
#        D:\ARM_PROJECTS\STM32F103_Projects\SSD1306\projects\SSD1306_i2c\EWARM\J_LINK\Exe\Project.out
#    Map file     =  
#        D:\ARM_PROJECTS\STM32F103_Projects\SSD1306\projects\SSD1306_i2c\EWARM\J_LINK\List\Project.map
#    Command line =  
#        -f C:\Users\PROKOP~1.D\AppData\Local\Temp\EWA086.tmp
#        (D:\ARM_PROJECTS\STM32F103_Projects\SSD1306\projects\SSD1306_i2c\EWARM\J_LINK\Obj\bmp180.o
#        D:\ARM_PROJECTS\STM32F103_Projects\SSD1306\projects\SSD1306_i2c\EWARM\J_LINK\Obj\display.o
#        D:\ARM_PROJECTS\STM32F103_Projects\SSD1306\projects\SSD1306_i2c\EWARM\J_LINK\Obj\iic.o
#        D:\ARM_PROJECTS\STM32F103_Projects\SSD1306\projects\SSD1306_i2c\EWARM\J_LINK\Obj\main.o
#        D:\ARM_PROJECTS\STM32F103_Projects\SSD1306\projects\SSD1306_i2c\EWARM\J_LINK\Obj\misc.o
#        D:\ARM_PROJECTS\STM32F103_Projects\SSD1306\projects\SSD1306_i2c\EWARM\J_LINK\Obj\si7021.o
#        D:\ARM_PROJECTS\STM32F103_Projects\SSD1306\projects\SSD1306_i2c\EWARM\J_LINK\Obj\ssd1306.o
#        D:\ARM_PROJECTS\STM32F103_Projects\SSD1306\projects\SSD1306_i2c\EWARM\J_LINK\Obj\ssd1306_fonts.o
#        D:\ARM_PROJECTS\STM32F103_Projects\SSD1306\projects\SSD1306_i2c\EWARM\J_LINK\Obj\startup_stm32f10x_md.o
#        D:\ARM_PROJECTS\STM32F103_Projects\SSD1306\projects\SSD1306_i2c\EWARM\J_LINK\Obj\stm32f10x_adc.o
#        D:\ARM_PROJECTS\STM32F103_Projects\SSD1306\projects\SSD1306_i2c\EWARM\J_LINK\Obj\stm32f10x_bkp.o
#        D:\ARM_PROJECTS\STM32F103_Projects\SSD1306\projects\SSD1306_i2c\EWARM\J_LINK\Obj\stm32f10x_can.o
#        D:\ARM_PROJECTS\STM32F103_Projects\SSD1306\projects\SSD1306_i2c\EWARM\J_LINK\Obj\stm32f10x_cec.o
#        D:\ARM_PROJECTS\STM32F103_Projects\SSD1306\projects\SSD1306_i2c\EWARM\J_LINK\Obj\stm32f10x_crc.o
#        D:\ARM_PROJECTS\STM32F103_Projects\SSD1306\projects\SSD1306_i2c\EWARM\J_LINK\Obj\stm32f10x_dac.o
#        D:\ARM_PROJECTS\STM32F103_Projects\SSD1306\projects\SSD1306_i2c\EWARM\J_LINK\Obj\stm32f10x_dbgmcu.o
#        D:\ARM_PROJECTS\STM32F103_Projects\SSD1306\projects\SSD1306_i2c\EWARM\J_LINK\Obj\stm32f10x_dma.o
#        D:\ARM_PROJECTS\STM32F103_Projects\SSD1306\projects\SSD1306_i2c\EWARM\J_LINK\Obj\stm32f10x_exti.o
#        D:\ARM_PROJECTS\STM32F103_Projects\SSD1306\projects\SSD1306_i2c\EWARM\J_LINK\Obj\stm32f10x_flash.o
#        D:\ARM_PROJECTS\STM32F103_Projects\SSD1306\projects\SSD1306_i2c\EWARM\J_LINK\Obj\stm32f10x_fsmc.o
#        D:\ARM_PROJECTS\STM32F103_Projects\SSD1306\projects\SSD1306_i2c\EWARM\J_LINK\Obj\stm32f10x_gpio.o
#        D:\ARM_PROJECTS\STM32F103_Projects\SSD1306\projects\SSD1306_i2c\EWARM\J_LINK\Obj\stm32f10x_i2c.o
#        D:\ARM_PROJECTS\STM32F103_Projects\SSD1306\projects\SSD1306_i2c\EWARM\J_LINK\Obj\stm32f10x_it.o
#        D:\ARM_PROJECTS\STM32F103_Projects\SSD1306\projects\SSD1306_i2c\EWARM\J_LINK\Obj\stm32f10x_iwdg.o
#        D:\ARM_PROJECTS\STM32F103_Projects\SSD1306\projects\SSD1306_i2c\EWARM\J_LINK\Obj\stm32f10x_pwr.o
#        D:\ARM_PROJECTS\STM32F103_Projects\SSD1306\projects\SSD1306_i2c\EWARM\J_LINK\Obj\stm32f10x_rcc.o
#        D:\ARM_PROJECTS\STM32F103_Projects\SSD1306\projects\SSD1306_i2c\EWARM\J_LINK\Obj\stm32f10x_rtc.o
#        D:\ARM_PROJECTS\STM32F103_Projects\SSD1306\projects\SSD1306_i2c\EWARM\J_LINK\Obj\stm32f10x_sdio.o
#        D:\ARM_PROJECTS\STM32F103_Projects\SSD1306\projects\SSD1306_i2c\EWARM\J_LINK\Obj\stm32f10x_spi.o
#        D:\ARM_PROJECTS\STM32F103_Projects\SSD1306\projects\SSD1306_i2c\EWARM\J_LINK\Obj\stm32f10x_tim.o
#        D:\ARM_PROJECTS\STM32F103_Projects\SSD1306\projects\SSD1306_i2c\EWARM\J_LINK\Obj\stm32f10x_usart.o
#        D:\ARM_PROJECTS\STM32F103_Projects\SSD1306\projects\SSD1306_i2c\EWARM\J_LINK\Obj\stm32f10x_wwdg.o
#        D:\ARM_PROJECTS\STM32F103_Projects\SSD1306\projects\SSD1306_i2c\EWARM\J_LINK\Obj\system_stm32f10x.o
#        --redirect _Printf=_PrintfFull --redirect _Scanf=_ScanfFull
#        --no_out_extension -o
#        D:\ARM_PROJECTS\STM32F103_Projects\SSD1306\projects\SSD1306_i2c\EWARM\J_LINK\Exe\Project.out
#        --map
#        D:\ARM_PROJECTS\STM32F103_Projects\SSD1306\projects\SSD1306_i2c\EWARM\J_LINK\List\Project.map
#        --config "C:\Program Files\IAR Systems\Embedded Workbench
#        8.2\arm\config\linker\ST\stm32f103xB.icf" --semihosting --entry
#        __iar_program_start --vfe --text_out locale)
#
###############################################################################

*******************************************************************************
*** RUNTIME MODEL ATTRIBUTES
***

CppFlavor       = *
__SystemLibrary = DLib
__dlib_version  = 6


*******************************************************************************
*** HEAP SELECTION
***

The basic heap was selected because no calls to memory allocation
functions were found in the application outside of system library
functions, and there are calls to deallocation functions in the
application.


*******************************************************************************
*** PLACEMENT SUMMARY
***

"A0":  place at 0x800'0000 { ro section .intvec };
"P1":  place in [from 0x800'0000 to 0x801'ffff] { ro };
define block CSTACK with size = 2K, alignment = 8 { };
define block HEAP with size = 2K, alignment = 8 { };
"P2":  place in [from 0x2000'0000 to 0x2000'4fff] {
          rw, block CSTACK, block HEAP };
initialize by copy { rw };

  Section            Kind         Address    Size  Object
  -------            ----         -------    ----  ------
"A0":                                        0xec
  .intvec            ro code   0x800'0000    0xec  startup_stm32f10x_md.o [1]
                             - 0x800'00ec    0xec

"P1":                                      0x3370
  .rodata            const     0x800'00ec   0xd50  ssd1306_fonts.o [1]
  .text              ro code   0x800'0e3c   0x5a4  ssd1306.o [1]
  .text              ro code   0x800'13e0   0x25a  stm32f10x_i2c.o [1]
  .text              ro code   0x800'163a    0x3a  zero_init3.o [4]
  .text              ro code   0x800'1674   0x47c  iic.o [1]
  .text              ro code   0x800'1af0    0x66  ABImemset.o [4]
  .text              ro code   0x800'1b56    0x12  stm32f10x_it.o [1]
  .text              ro code   0x800'1b68   0x16c  stm32f10x_rcc.o [1]
  .text              ro code   0x800'1cd4    0xfa  stm32f10x_gpio.o [1]
  .text              ro code   0x800'1dd0    0x78  misc.o [1]
  .text              ro code   0x800'1e48   0x1d8  stm32f10x_dma.o [1]
  .text              ro code   0x800'2020   0x538  bmp180.o [1]
  .text              ro code   0x800'2558    0x24  S32ToFlt.o [3]
  .text              ro code   0x800'257c    0xfc  FltDiv.o [3]
  .text              ro code   0x800'2678   0x246  DblDiv.o [3]
  .text              ro code   0x800'28c0   0x1a2  DblMul.o [3]
  .text              ro code   0x800'2a64   0x17a  DblAdd.o [3]
  .text              ro code   0x800'2be0    0xd2  DblSub.o [3]
  .rodata            const     0x800'2cb4   0x178  ssd1306_fonts.o [1]
  .text              ro code   0x800'2e2c   0x16a  si7021.o [1]
  .text              ro code   0x800'2f98    0x1a  U32ToDbl.o [3]
  .text              ro code   0x800'2fb4    0x68  DblToFlt.o [3]
  .text              ro code   0x800'301c   0x118  main.o [1]
  .text              ro code   0x800'3134    0x10  display.o [1]
  .text              ro code   0x800'3144    0x48  FltToDbl.o [3]
  .text              ro code   0x800'318c   0x118  system_stm32f10x.o [1]
  .text              ro code   0x800'32a4    0x2c  copy_init3.o [4]
  .text              ro code   0x800'32d0    0x28  data_init.o [4]
  Initializer bytes  const     0x800'32f8    0x24  <for P2-1>
  .iar.init_table    const     0x800'331c    0x24  - Linker created -
  .text              ro code   0x800'3340    0x1e  cmain.o [4]
  .text              ro code   0x800'335e     0x4  low_level_init.o [2]
  .text              ro code   0x800'3362     0x4  exit.o [2]
  .text              ro code   0x800'3368     0xa  cexit.o [4]
  .text              ro code   0x800'3374    0x14  exit.o [5]
  .text              ro code   0x800'3388    0x10  startup_stm32f10x_md.o [1]
  .rodata            const     0x800'3398     0xc  main.o [1]
  .text              ro code   0x800'33a4     0xc  cstartup_M.o [4]
  .rodata            const     0x800'33b0     0x8  main.o [1]
  .text              ro code   0x800'33b8     0x4  startup_stm32f10x_md.o [1]
  .text              ro code   0x800'33bc     0x4  startup_stm32f10x_md.o [1]
  .text              ro code   0x800'33c0     0x4  startup_stm32f10x_md.o [1]
  .text              ro code   0x800'33c4     0x4  startup_stm32f10x_md.o [1]
  .text              ro code   0x800'33c8     0x4  startup_stm32f10x_md.o [1]
  .text              ro code   0x800'33cc     0x4  startup_stm32f10x_md.o [1]
  .text              ro code   0x800'33d0     0x4  startup_stm32f10x_md.o [1]
  .text              ro code   0x800'33d4     0x4  startup_stm32f10x_md.o [1]
  .text              ro code   0x800'33d8     0x4  startup_stm32f10x_md.o [1]
  .text              ro code   0x800'33dc     0x4  startup_stm32f10x_md.o [1]
  .text              ro code   0x800'33e0     0x4  startup_stm32f10x_md.o [1]
  .text              ro code   0x800'33e4     0x4  startup_stm32f10x_md.o [1]
  .text              ro code   0x800'33e8     0x4  startup_stm32f10x_md.o [1]
  .text              ro code   0x800'33ec     0x4  startup_stm32f10x_md.o [1]
  .text              ro code   0x800'33f0     0x4  startup_stm32f10x_md.o [1]
  .text              ro code   0x800'33f4     0x4  startup_stm32f10x_md.o [1]
  .text              ro code   0x800'33f8     0x4  startup_stm32f10x_md.o [1]
  .text              ro code   0x800'33fc     0x4  startup_stm32f10x_md.o [1]
  .text              ro code   0x800'3400     0x4  startup_stm32f10x_md.o [1]
  .text              ro code   0x800'3404     0x4  startup_stm32f10x_md.o [1]
  .text              ro code   0x800'3408     0x4  startup_stm32f10x_md.o [1]
  .text              ro code   0x800'340c     0x4  startup_stm32f10x_md.o [1]
  .text              ro code   0x800'3410     0x4  startup_stm32f10x_md.o [1]
  .text              ro code   0x800'3414     0x4  startup_stm32f10x_md.o [1]
  .text              ro code   0x800'3418     0x4  startup_stm32f10x_md.o [1]
  .text              ro code   0x800'341c     0x4  startup_stm32f10x_md.o [1]
  .text              ro code   0x800'3420     0x4  startup_stm32f10x_md.o [1]
  .text              ro code   0x800'3424     0x4  startup_stm32f10x_md.o [1]
  .text              ro code   0x800'3428     0x4  startup_stm32f10x_md.o [1]
  .text              ro code   0x800'342c     0x4  startup_stm32f10x_md.o [1]
  .text              ro code   0x800'3430     0x4  startup_stm32f10x_md.o [1]
  .text              ro code   0x800'3434     0x4  startup_stm32f10x_md.o [1]
  .text              ro code   0x800'3438     0x4  startup_stm32f10x_md.o [1]
  .text              ro code   0x800'343c     0x4  startup_stm32f10x_md.o [1]
  .text              ro code   0x800'3440     0x4  startup_stm32f10x_md.o [1]
  .text              ro code   0x800'3444     0x4  startup_stm32f10x_md.o [1]
  .text              ro code   0x800'3448     0x4  startup_stm32f10x_md.o [1]
  .text              ro code   0x800'344c     0x4  startup_stm32f10x_md.o [1]
  .text              ro code   0x800'3450     0x4  startup_stm32f10x_md.o [1]
  .text              ro code   0x800'3454     0x4  startup_stm32f10x_md.o [1]
  .text              ro code   0x800'3458     0x4  startup_stm32f10x_md.o [1]
  .rodata            const     0x800'345c     0x0  zero_init3.o [4]
  .rodata            const     0x800'345c     0x0  copy_init3.o [4]
                             - 0x800'345c  0x3370

"P2", part 1 of 3:                           0x24
  P2-1                        0x2000'0000    0x24  <Init block>
    .data            inited   0x2000'0000     0x4  iic.o [1]
    .data            inited   0x2000'0004     0xc  ssd1306_fonts.o [1]
    .data            inited   0x2000'0010    0x10  stm32f10x_rcc.o [1]
    .data            inited   0x2000'0020     0x4  stm32f10x_rcc.o [1]
                            - 0x2000'0024    0x24

"P2", part 2 of 3:                          0x490
  .bss               zero     0x2000'0024   0x400  ssd1306.o [1]
  .bss               zero     0x2000'0424    0x2c  iic.o [1]
  .bss               zero     0x2000'0450     0x8  main.o [1]
  .bss               zero     0x2000'0458     0x8  main.o [1]
  .bss               zero     0x2000'0460     0x8  ssd1306.o [1]
  .bss               zero     0x2000'0468     0x4  bmp180.o [1]
  .bss               zero     0x2000'046c     0x4  bmp180.o [1]
  .bss               zero     0x2000'0470     0x4  bmp180.o [1]
  .bss               zero     0x2000'0474     0x4  bmp180.o [1]
  .bss               zero     0x2000'0478     0x4  bmp180.o [1]
  .bss               zero     0x2000'047c     0x4  bmp180.o [1]
  .bss               zero     0x2000'0480     0x4  bmp180.o [1]
  .bss               zero     0x2000'0484     0x4  bmp180.o [1]
  .bss               zero     0x2000'0488     0x4  bmp180.o [1]
  .bss               zero     0x2000'048c     0x4  bmp180.o [1]
  .bss               zero     0x2000'0490     0x4  bmp180.o [1]
  .bss               zero     0x2000'0494     0x4  main.o [1]
  .bss               zero     0x2000'0498     0x4  ssd1306.o [1]
  .bss               zero     0x2000'049c     0x2  bmp180.o [1]
  .bss               zero     0x2000'049e     0x2  bmp180.o [1]
  .bss               zero     0x2000'04a0     0x2  bmp180.o [1]
  .bss               zero     0x2000'04a2     0x2  bmp180.o [1]
  .bss               zero     0x2000'04a4     0x2  bmp180.o [1]
  .bss               zero     0x2000'04a6     0x2  bmp180.o [1]
  .bss               zero     0x2000'04a8     0x2  bmp180.o [1]
  .bss               zero     0x2000'04aa     0x2  bmp180.o [1]
  .bss               zero     0x2000'04ac     0x2  bmp180.o [1]
  .bss               zero     0x2000'04ae     0x2  bmp180.o [1]
  .bss               zero     0x2000'04b0     0x2  bmp180.o [1]
  .bss               zero     0x2000'04b2     0x2  bmp180.o [1]
                            - 0x2000'04b4   0x490

"P2", part 3 of 3:                          0x800
  CSTACK                      0x2000'04b8   0x800  <Block>
    CSTACK           uninit   0x2000'04b8   0x800  <Block tail>
                            - 0x2000'0cb8   0x800

Unused ranges:

         From           To      Size
         ----           --      ----
   0x800'345c   0x801'ffff  0x1'cba4
  0x2000'04b4  0x2000'04b7       0x4
  0x2000'0cb8  0x2000'4fff    0x4348


*******************************************************************************
*** INIT TABLE
***

          Address      Size
          -------      ----
Zero (__iar_zero_init3)
    1 destination range, total size 0x490:
          0x2000'0024  0x490

Copy (__iar_copy_init3)
    1 source range, total size 0x24:
           0x800'32f8   0x24
    1 destination range, total size 0x24:
          0x2000'0000   0x24



*******************************************************************************
*** MODULE SUMMARY
***

    Module                  ro code  ro data  rw data
    ------                  -------  -------  -------
command line/config:
    -------------------------------------------------
    Total:

D:\ARM_PROJECTS\STM32F103_Projects\SSD1306\projects\SSD1306_i2c\EWARM\J_LINK\Obj: [1]
    bmp180.o                  1 336                68
    display.o                    16
    iic.o                     1 148        4       48
    main.o                      280       20       20
    misc.o                      120
    si7021.o                    362
    ssd1306.o                 1 444             1 036
    ssd1306_fonts.o                    3 796       12
    startup_stm32f10x_md.o      416
    stm32f10x_dma.o             472
    stm32f10x_gpio.o            250
    stm32f10x_i2c.o             602
    stm32f10x_it.o               18
    stm32f10x_rcc.o             364       20       20
    system_stm32f10x.o          280
    -------------------------------------------------
    Total:                    7 108    3 840    1 204

dl7M_tlf.a: [2]
    exit.o                        4
    low_level_init.o              4
    -------------------------------------------------
    Total:                        8

m7M_tl.a: [3]
    DblAdd.o                    378
    DblDiv.o                    582
    DblMul.o                    418
    DblSub.o                    210
    DblToFlt.o                  104
    FltDiv.o                    252
    FltToDbl.o                   72
    S32ToFlt.o                   36
    U32ToDbl.o                   26
    -------------------------------------------------
    Total:                    2 078

rt7M_tl.a: [4]
    ABImemset.o                 102
    cexit.o                      10
    cmain.o                      30
    copy_init3.o                 44
    cstartup_M.o                 12
    data_init.o                  40
    zero_init3.o                 58
    -------------------------------------------------
    Total:                      296

shb_l.a: [5]
    exit.o                       20
    -------------------------------------------------
    Total:                       20

    Gaps                         16        2
    Linker created                        36    2 048
-----------------------------------------------------
    Grand Total:              9 526    3 878    3 252


*******************************************************************************
*** ENTRY LIST
***

Entry                       Address   Size  Type      Object
-----                       -------   ----  ----      ------
.iar.init_table$$Base    0x800'331c          --   Gb  - Linker created -
.iar.init_table$$Limit   0x800'3340          --   Gb  - Linker created -
?main                    0x800'3341         Code  Gb  cmain.o [4]
AC1                     0x2000'049c    0x2  Data  Gb  bmp180.o [1]
AC2                     0x2000'049e    0x2  Data  Gb  bmp180.o [1]
AC3                     0x2000'04a0    0x2  Data  Gb  bmp180.o [1]
AC4                     0x2000'04a2    0x2  Data  Gb  bmp180.o [1]
AC5                     0x2000'04a4    0x2  Data  Gb  bmp180.o [1]
AC6                     0x2000'04a6    0x2  Data  Gb  bmp180.o [1]
ADCPrescTable           0x2000'0020    0x4  Data  Lc  stm32f10x_rcc.o [1]
APBAHBPrescTable        0x2000'0010   0x10  Data  Lc  stm32f10x_rcc.o [1]
B1                      0x2000'04a8    0x2  Data  Gb  bmp180.o [1]
B2                      0x2000'04aa    0x2  Data  Gb  bmp180.o [1]
B3                      0x2000'0484    0x4  Data  Gb  bmp180.o [1]
B4                      0x2000'0488    0x4  Data  Gb  bmp180.o [1]
B5                      0x2000'047c    0x4  Data  Gb  bmp180.o [1]
B6                      0x2000'0480    0x4  Data  Gb  bmp180.o [1]
B7                      0x2000'048c    0x4  Data  Gb  bmp180.o [1]
BMP180_Setup             0x800'2023  0x152  Code  Gb  bmp180.o [1]
BMP180_get_T_P           0x800'2281  0x254  Code  Gb  bmp180.o [1]
BusFault_Handler         0x800'1b5d    0x2  Code  Gb  stm32f10x_it.o [1]
CSTACK$$Base            0x2000'04b8          --   Gb  - Linker created -
CSTACK$$Limit           0x2000'0cb8          --   Gb  - Linker created -
DMA1_Channel6_IRQHandler
                         0x800'17cd   0x62  Code  Gb  iic.o [1]
DMA1_Channel7_IRQHandler
                         0x800'182f   0x28  Code  Gb  iic.o [1]
DMA_ClearFlag            0x800'1fcf   0x10  Code  Gb  stm32f10x_dma.o [1]
DMA_Cmd                  0x800'1f77   0x1e  Code  Gb  stm32f10x_dma.o [1]
DMA_DeInit               0x800'1e49   0xf2  Code  Gb  stm32f10x_dma.o [1]
DMA_GetFlagStatus        0x800'1fad   0x22  Code  Gb  stm32f10x_dma.o [1]
DMA_ITConfig             0x800'1f95   0x18  Code  Gb  stm32f10x_dma.o [1]
DMA_Init                 0x800'1f3b   0x3c  Code  Gb  stm32f10x_dma.o [1]
DebugMon_Handler         0x800'1b63    0x2  Code  Gb  stm32f10x_it.o [1]
GPIO_Init                0x800'1cd5   0xea  Code  Gb  stm32f10x_gpio.o [1]
GPIO_InitStructure      0x2000'0494    0x4  Data  Gb  main.o [1]
GPIO_ResetBits           0x800'1dc7    0x8  Code  Gb  stm32f10x_gpio.o [1]
GPIO_SetBits             0x800'1dbf    0x8  Code  Gb  stm32f10x_gpio.o [1]
GPIO_Setup               0x800'30b3   0x3a  Code  Gb  main.o [1]
HardFault_Handler        0x800'1b59    0x2  Code  Gb  stm32f10x_it.o [1]
I2C_AcknowledgeConfig    0x800'1581   0x1e  Code  Gb  stm32f10x_i2c.o [1]
I2C_CheckEvent           0x800'15c7   0x30  Code  Gb  stm32f10x_i2c.o [1]
I2C_Cmd                  0x800'1509   0x1e  Code  Gb  stm32f10x_i2c.o [1]
I2C_DMACmd               0x800'1527   0x1e  Code  Gb  stm32f10x_i2c.o [1]
I2C_DeInit               0x800'13e1   0x36  Code  Gb  stm32f10x_i2c.o [1]
I2C_GenerateSTART        0x800'1545   0x1e  Code  Gb  stm32f10x_i2c.o [1]
I2C_GenerateSTOP         0x800'1563   0x1e  Code  Gb  stm32f10x_i2c.o [1]
I2C_GetFlagStatus        0x800'15f7   0x44  Code  Gb  stm32f10x_i2c.o [1]
I2C_Init                 0x800'1417   0xe2  Code  Gb  stm32f10x_i2c.o [1]
I2C_ReceiveData          0x800'15a7    0x6  Code  Gb  stm32f10x_i2c.o [1]
I2C_Send7bitAddress      0x800'15ad   0x1a  Code  Gb  stm32f10x_i2c.o [1]
I2C_SendData             0x800'159f    0x8  Code  Gb  stm32f10x_i2c.o [1]
I2C_Setup                0x800'2021    0x2  Code  Gb  bmp180.o [1]
I2C_read                 0x800'21e3   0x9e  Code  Gb  bmp180.o [1]
I2C_write                0x800'2175   0x6e  Code  Gb  bmp180.o [1]
InitDisplay              0x800'3135    0xa  Code  Gb  display.o [1]
MB                      0x2000'04ac    0x2  Data  Gb  bmp180.o [1]
MC                      0x2000'04ae    0x2  Data  Gb  bmp180.o [1]
MD                      0x2000'04b0    0x2  Data  Gb  bmp180.o [1]
MemManage_Handler        0x800'1b5b    0x2  Code  Gb  stm32f10x_it.o [1]
NMI_Handler              0x800'1b57    0x2  Code  Gb  stm32f10x_it.o [1]
NVIC_Init                0x800'1dd1   0x66  Code  Gb  misc.o [1]
P                       0x2000'0490    0x4  Data  Gb  bmp180.o [1]
PendSV_Handler           0x800'1b65    0x2  Code  Gb  stm32f10x_it.o [1]
PressAndTemp            0x2000'0450    0x8  Data  Gb  main.o [1]
RCC_AHBPeriphClockCmd    0x800'1c41   0x1c  Code  Gb  stm32f10x_rcc.o [1]
RCC_APB1PeriphClockCmd   0x800'1c79   0x1c  Code  Gb  stm32f10x_rcc.o [1]
RCC_APB1PeriphResetCmd   0x800'1c95   0x1c  Code  Gb  stm32f10x_rcc.o [1]
RCC_APB2PeriphClockCmd   0x800'1c5d   0x1c  Code  Gb  stm32f10x_rcc.o [1]
RCC_GetClocksFreq        0x800'1b69   0xd8  Code  Gb  stm32f10x_rcc.o [1]
Region$$Table$$Base      0x800'331c          --   Gb  - Linker created -
Region$$Table$$Limit     0x800'3340          --   Gb  - Linker created -
RelativeHumidityAndTemperature
                        0x2000'0458    0x8  Data  Gb  main.o [1]
SI75_ReadReg             0x800'2e2d   0xba  Code  Gb  si7021.o [1]
SSD1306                 0x2000'0460    0x8  Data  Lc  ssd1306.o [1]
SSD1306_Buffer          0x2000'0024  0x400  Data  Lc  ssd1306.o [1]
SSD1306_DrawPixel        0x800'105f   0xda  Code  Gb  ssd1306.o [1]
SSD1306_Fill             0x800'1039   0x26  Code  Gb  ssd1306.o [1]
SSD1306_GotoXY           0x800'1139    0xa  Code  Gb  ssd1306.o [1]
SSD1306_Init             0x800'0e3d  0x150  Code  Gb  ssd1306.o [1]
SSD1306_Putc             0x800'1143  0x19a  Code  Gb  ssd1306.o [1]
SSD1306_Puts             0x800'12dd   0x2e  Code  Gb  ssd1306.o [1]
SSD1306_UpdateScreen     0x800'0f8d   0x4c  Code  Gb  ssd1306.o [1]
SSD1306_UpdateScreenDMA
                         0x800'0fd9   0x60  Code  Gb  ssd1306.o [1]
SVC_Handler              0x800'1b61    0x2  Code  Gb  stm32f10x_it.o [1]
SetSysClock              0x800'31d1    0x8  Code  Lc  system_stm32f10x.o [1]
SetSysClockTo72          0x800'31d9   0xae  Code  Lc  system_stm32f10x.o [1]
Si7021_ReadRH            0x800'2ee7   0x40  Code  Gb  si7021.o [1]
Si7021_ReadTempFormer    0x800'2f27   0x30  Code  Gb  si7021.o [1]
Si7021_Read_RH_Temp      0x800'2f85   0x12  Code  Gb  si7021.o [1]
SysTick_Handler          0x800'1b67    0x2  Code  Gb  stm32f10x_it.o [1]
SystemInit               0x800'318d   0x44  Code  Gb  system_stm32f10x.o [1]
T                       0x2000'04b2    0x2  Data  Gb  bmp180.o [1]
UP                      0x2000'046c    0x4  Data  Gb  bmp180.o [1]
UT                      0x2000'0468    0x4  Data  Gb  bmp180.o [1]
UsageFault_Handler       0x800'1b5f    0x2  Code  Gb  stm32f10x_it.o [1]
X1                      0x2000'0470    0x4  Data  Gb  bmp180.o [1]
X2                      0x2000'0474    0x4  Data  Gb  bmp180.o [1]
X3                      0x2000'0478    0x4  Data  Gb  bmp180.o [1]
__aeabi_d2f              0x800'2fb5         Code  Gb  DblToFlt.o [3]
__aeabi_dadd             0x800'2a65         Code  Gb  DblAdd.o [3]
__aeabi_ddiv             0x800'2679         Code  Gb  DblDiv.o [3]
__aeabi_dmul             0x800'28c1         Code  Gb  DblMul.o [3]
__aeabi_f2d              0x800'3145         Code  Gb  FltToDbl.o [3]
__aeabi_fdiv             0x800'257d         Code  Gb  FltDiv.o [3]
__aeabi_i2f              0x800'2559         Code  Gb  S32ToFlt.o [3]
__aeabi_memset           0x800'1af1         Code  Gb  ABImemset.o [4]
__aeabi_ui2d             0x800'2f99         Code  Gb  U32ToDbl.o [3]
__cmain                  0x800'3341         Code  Gb  cmain.o [4]
__exit                   0x800'3375   0x14  Code  Gb  exit.o [5]
__iar_Memset             0x800'1af1         Code  Gb  ABImemset.o [4]
__iar_Memset_word        0x800'1af9         Code  Gb  ABImemset.o [4]
__iar_copy_init3         0x800'32a5   0x2c  Code  Gb  copy_init3.o [4]
__iar_dadd               0x800'2be1         Code  Gb  DblSub.o [3]
__iar_data_init3         0x800'32d1   0x28  Code  Gb  data_init.o [4]
__iar_dsub               0x800'2a75         Code  Gb  DblAdd.o [3]
__iar_dsubStart          0x800'2a87         Code  Gb  DblAdd.o [3]
__iar_program_start      0x800'33a5         Code  Gb  cstartup_M.o [4]
__iar_zero_init3         0x800'163b   0x3a  Code  Gb  zero_init3.o [4]
__low_level_init         0x800'335f    0x4  Code  Gb  low_level_init.o [2]
__vector_table           0x800'0000         Data  Gb  startup_stm32f10x_md.o [1]
_call_main               0x800'334d         Code  Gb  cmain.o [4]
_exit                    0x800'3369         Code  Gb  cexit.o [4]
_main                    0x800'335b         Code  Gb  cmain.o [4]
delay                    0x800'3125   0x10  Code  Gb  main.o [1]
exit                     0x800'3363    0x4  Code  Gb  exit.o [2]
hi2c1                   0x2000'0498    0x4  Data  Gb  ssd1306.o [1]
i2cm_Start               0x800'197f   0xaa  Code  Gb  iic.o [1]
i2cm_Stop                0x800'1a29   0x36  Code  Gb  iic.o [1]
i2cm_WriteBuff           0x800'1a5f   0x50  Code  Gb  iic.o [1]
i2cm_init                0x800'1675  0x158  Code  Gb  iic.o [1]
main                     0x800'301d   0x96  Code  Gb  main.o [1]
sEEDMA_InitStructure    0x2000'0424   0x2c  Data  Gb  iic.o [1]
sEETimeout              0x2000'0000    0x4  Data  Gb  iic.o [1]
sEE_LowLevel_DMAConfig   0x800'194f   0x30  Code  Gb  iic.o [1]
sEE_TIMEOUT_UserCallback
                         0x800'1857    0x2  Code  Gb  iic.o [1]
sEE_WritePage            0x800'1859   0xf6  Code  Gb  iic.o [1]
segoePrint_12ptBitmaps   0x800'00ec  0xd50  Data  Gb  ssd1306_fonts.o [1]
segoePrint_12ptDescriptors
                         0x800'2cb4  0x178  Data  Gb  ssd1306_fonts.o [1]
segoePrint_12ptFontInfo
                        0x2000'0004    0xc  Data  Gb  ssd1306_fonts.o [1]
ssd1306_I2C_Init         0x800'130b    0xe  Code  Gb  ssd1306.o [1]
ssd1306_I2C_Write        0x800'1385   0x48  Code  Gb  ssd1306.o [1]
ssd1306_I2C_WriteMulti   0x800'1319   0x64  Code  Gb  ssd1306.o [1]


[1] = D:\ARM_PROJECTS\STM32F103_Projects\SSD1306\projects\SSD1306_i2c\EWARM\J_LINK\Obj
[2] = dl7M_tlf.a
[3] = m7M_tl.a
[4] = rt7M_tl.a
[5] = shb_l.a

  9 526 bytes of readonly  code memory
  3 878 bytes of readonly  data memory
  3 252 bytes of readwrite data memory

Errors: none
Warnings: none
