###############################################################################
#
# IAR ELF Linker V8.32.2.178/W32 for ARM                  23/Aug/2019  15:21:20
# Copyright 2007-2018 IAR Systems AB.
#
#    Output file  =  
#        D:\ARM_PROJECTS\STM32F103_Projects\SSD1306\projects\SSD1306_i2c\EWARM\J_LINK\Exe\Project.out
#    Map file     =  
#        D:\ARM_PROJECTS\STM32F103_Projects\SSD1306\projects\SSD1306_i2c\EWARM\J_LINK\List\Project.map
#    Command line =  
#        -f C:\Users\PROKOP~1.D\AppData\Local\Temp\EWD3E0.tmp
#        (D:\ARM_PROJECTS\STM32F103_Projects\SSD1306\projects\SSD1306_i2c\EWARM\J_LINK\Obj\bmp280.o
#        D:\ARM_PROJECTS\STM32F103_Projects\SSD1306\projects\SSD1306_i2c\EWARM\J_LINK\Obj\bmp280_user.o
#        D:\ARM_PROJECTS\STM32F103_Projects\SSD1306\projects\SSD1306_i2c\EWARM\J_LINK\Obj\const_var.o
#        D:\ARM_PROJECTS\STM32F103_Projects\SSD1306\projects\SSD1306_i2c\EWARM\J_LINK\Obj\display.o
#        D:\ARM_PROJECTS\STM32F103_Projects\SSD1306\projects\SSD1306_i2c\EWARM\J_LINK\Obj\iic.o
#        D:\ARM_PROJECTS\STM32F103_Projects\SSD1306\projects\SSD1306_i2c\EWARM\J_LINK\Obj\main.o
#        D:\ARM_PROJECTS\STM32F103_Projects\SSD1306\projects\SSD1306_i2c\EWARM\J_LINK\Obj\misc.o
#        D:\ARM_PROJECTS\STM32F103_Projects\SSD1306\projects\SSD1306_i2c\EWARM\J_LINK\Obj\sEEPROM_SPI.o
#        D:\ARM_PROJECTS\STM32F103_Projects\SSD1306\projects\SSD1306_i2c\EWARM\J_LINK\Obj\ssd1306.o
#        D:\ARM_PROJECTS\STM32F103_Projects\SSD1306\projects\SSD1306_i2c\EWARM\J_LINK\Obj\ssd1306_fonts.o
#        D:\ARM_PROJECTS\STM32F103_Projects\SSD1306\projects\SSD1306_i2c\EWARM\J_LINK\Obj\startup_stm32f10x_md.o
#        D:\ARM_PROJECTS\STM32F103_Projects\SSD1306\projects\SSD1306_i2c\EWARM\J_LINK\Obj\stm32f10x_adc.o
#        D:\ARM_PROJECTS\STM32F103_Projects\SSD1306\projects\SSD1306_i2c\EWARM\J_LINK\Obj\stm32f10x_bkp.o
#        D:\ARM_PROJECTS\STM32F103_Projects\SSD1306\projects\SSD1306_i2c\EWARM\J_LINK\Obj\stm32f10x_can.o
#        D:\ARM_PROJECTS\STM32F103_Projects\SSD1306\projects\SSD1306_i2c\EWARM\J_LINK\Obj\stm32f10x_cec.o
#        D:\ARM_PROJECTS\STM32F103_Projects\SSD1306\projects\SSD1306_i2c\EWARM\J_LINK\Obj\stm32f10x_crc.o
#        D:\ARM_PROJECTS\STM32F103_Projects\SSD1306\projects\SSD1306_i2c\EWARM\J_LINK\Obj\stm32f10x_dac.o
#        D:\ARM_PROJECTS\STM32F103_Projects\SSD1306\projects\SSD1306_i2c\EWARM\J_LINK\Obj\stm32f10x_dbgmcu.o
#        D:\ARM_PROJECTS\STM32F103_Projects\SSD1306\projects\SSD1306_i2c\EWARM\J_LINK\Obj\stm32f10x_dma.o
#        D:\ARM_PROJECTS\STM32F103_Projects\SSD1306\projects\SSD1306_i2c\EWARM\J_LINK\Obj\stm32f10x_exti.o
#        D:\ARM_PROJECTS\STM32F103_Projects\SSD1306\projects\SSD1306_i2c\EWARM\J_LINK\Obj\stm32f10x_flash.o
#        D:\ARM_PROJECTS\STM32F103_Projects\SSD1306\projects\SSD1306_i2c\EWARM\J_LINK\Obj\stm32f10x_fsmc.o
#        D:\ARM_PROJECTS\STM32F103_Projects\SSD1306\projects\SSD1306_i2c\EWARM\J_LINK\Obj\stm32f10x_gpio.o
#        D:\ARM_PROJECTS\STM32F103_Projects\SSD1306\projects\SSD1306_i2c\EWARM\J_LINK\Obj\stm32f10x_i2c.o
#        D:\ARM_PROJECTS\STM32F103_Projects\SSD1306\projects\SSD1306_i2c\EWARM\J_LINK\Obj\stm32f10x_it.o
#        D:\ARM_PROJECTS\STM32F103_Projects\SSD1306\projects\SSD1306_i2c\EWARM\J_LINK\Obj\stm32f10x_iwdg.o
#        D:\ARM_PROJECTS\STM32F103_Projects\SSD1306\projects\SSD1306_i2c\EWARM\J_LINK\Obj\stm32f10x_pwr.o
#        D:\ARM_PROJECTS\STM32F103_Projects\SSD1306\projects\SSD1306_i2c\EWARM\J_LINK\Obj\stm32f10x_rcc.o
#        D:\ARM_PROJECTS\STM32F103_Projects\SSD1306\projects\SSD1306_i2c\EWARM\J_LINK\Obj\stm32f10x_rtc.o
#        D:\ARM_PROJECTS\STM32F103_Projects\SSD1306\projects\SSD1306_i2c\EWARM\J_LINK\Obj\stm32f10x_sdio.o
#        D:\ARM_PROJECTS\STM32F103_Projects\SSD1306\projects\SSD1306_i2c\EWARM\J_LINK\Obj\stm32f10x_spi.o
#        D:\ARM_PROJECTS\STM32F103_Projects\SSD1306\projects\SSD1306_i2c\EWARM\J_LINK\Obj\stm32f10x_tim.o
#        D:\ARM_PROJECTS\STM32F103_Projects\SSD1306\projects\SSD1306_i2c\EWARM\J_LINK\Obj\stm32f10x_usart.o
#        D:\ARM_PROJECTS\STM32F103_Projects\SSD1306\projects\SSD1306_i2c\EWARM\J_LINK\Obj\stm32f10x_wwdg.o
#        D:\ARM_PROJECTS\STM32F103_Projects\SSD1306\projects\SSD1306_i2c\EWARM\J_LINK\Obj\system_stm32f10x.o
#        D:\ARM_PROJECTS\STM32F103_Projects\SSD1306\projects\SSD1306_i2c\EWARM\J_LINK\Obj\user.o
#        --redirect _Printf=_PrintfFullNoMb --redirect _Scanf=_ScanfFullNoMb
#        --no_out_extension -o
#        D:\ARM_PROJECTS\STM32F103_Projects\SSD1306\projects\SSD1306_i2c\EWARM\J_LINK\Exe\Project.out
#        --map
#        D:\ARM_PROJECTS\STM32F103_Projects\SSD1306\projects\SSD1306_i2c\EWARM\J_LINK\List\Project.map
#        --config
#        D:\ARM_PROJECTS\STM32F103_Projects\SSD1306\projects\SSD1306_i2c\EWARM\stm32f10x_flash.icf
#        --semihosting --entry __iar_program_start --vfe --text_out locale)
#
###############################################################################

*******************************************************************************
*** RUNTIME MODEL ATTRIBUTES
***

CppFlavor       = *
__SystemLibrary = DLib
__dlib_version  = 6


*******************************************************************************
*** HEAP SELECTION
***

The basic heap was selected because no calls to memory allocation
functions were found in the application outside of system library
functions, and there are calls to deallocation functions in the
application.


*******************************************************************************
*** PLACEMENT SUMMARY
***

"A0":  place at 0x800'0000 { ro section .intvec };
"P1":  place in [from 0x800'0000 to 0x80f'ffff] { ro };
define block CSTACK with size = 1536, alignment = 8 { };
define block HEAP with size = 512, alignment = 8 { };
"P2":  place in [from 0x2000'0000 to 0x2001'7fff] {
          rw, block CSTACK, block HEAP };
initialize by copy { rw };

  Section            Kind         Address    Size  Object
  -------            ----         -------    ----  ------
"A0":                                        0xec
  .intvec            ro code   0x800'0000    0xec  startup_stm32f10x_md.o [1]
                             - 0x800'00ec    0xec

"P1":                                      0x5dd8
  .text              ro code   0x800'00ec   0xdf2  xprintffull_nomb.o [2]
  .text              ro code   0x800'0ede    0x3a  zero_init3.o [4]
  .text              ro code   0x800'0f18    0x16  strchr.o [4]
  .text              ro code   0x800'0f2e     0xa  xsprout.o [2]
  .text              ro code   0x800'0f38    0x40  xfail_s.o [2]
  .text              ro code   0x800'0f78    0x36  strlen.o [4]
  .rodata            const     0x800'0fae     0x2  bmp280.o [1]
  .text              ro code   0x800'0fb0    0x58  memchr.o [4]
  .text              ro code   0x800'1008   0x274  I64DivMod.o [4]
  .text              ro code   0x800'127c   0x1a2  DblMul.o [3]
  .text              ro code   0x800'1420    0xa6  ABImemcpy.o [4]
  .text              ro code   0x800'14c8    0x70  frexp.o [3]
  .text              ro code   0x800'1538    0x2e  DblCmpLe.o [3]
  .text              ro code   0x800'1568    0x2e  DblCmpGe.o [3]
  .text              ro code   0x800'1598   0x13a  ldexp.o [3]
  .text              ro code   0x800'16d4    0x3a  DblToS32.o [3]
  .text              ro code   0x800'1710    0x22  S32ToDbl.o [3]
  .text              ro code   0x800'1734    0xe2  DblSub.o [3]
  .text              ro code   0x800'1818   0x246  DblDiv.o [3]
  .text              ro code   0x800'1a60    0x28  DblToU32.o [3]
  .text              ro code   0x800'1a88    0x1a  U32ToDbl.o [3]
  .text              ro code   0x800'1aa2     0x6  abort.o [2]
  .text              ro code   0x800'1aa8     0x2  I64DivZer.o [4]
  .text              ro code   0x800'1aac   0x17a  DblAdd.o [3]
  .text              ro code   0x800'1c28    0x14  exit.o [5]
  .text              ro code   0x800'1c3c   0x844  bmp280.o [1]
  .text              ro code   0x800'2480     0x6  ABImemclr4.o [4]
  .text              ro code   0x800'2488    0x32  ABImemset48.o [4]
  .text              ro code   0x800'24bc   0x734  user.o [1]
  .text              ro code   0x800'2bf0   0x116  stm32f10x_gpio.o [1]
  .text              ro code   0x800'2d08   0x604  ssd1306.o [1]
  .text              ro code   0x800'330c   0x25a  stm32f10x_i2c.o [1]
  .text              ro code   0x800'3568    0x38  stm32f10x_pwr.o [1]
  .text              ro code   0x800'35a0   0x360  logx64.o [3]
  .text              ro code   0x800'3900    0x68  DblToFlt.o [3]
  .text              ro code   0x800'3968    0x1c  U32ToFlt.o [3]
  .text              ro code   0x800'3984    0xfc  FltDiv.o [3]
  .text              ro code   0x800'3a80    0xd8  FltMul.o [3]
  .text              ro code   0x800'3b58    0x48  FltToDbl.o [3]
  .text              ro code   0x800'3ba0    0x46  U64ToDbl.o [3]
  .text              ro code   0x800'3be8    0x48  U64ToFlt.o [3]
  .text              ro code   0x800'3c30    0x24  FltCmpLe.o [3]
  .text              ro code   0x800'3c54    0x68  display.o [1]
  .text              ro code   0x800'3cbc    0x24  S32ToFlt.o [3]
  .text              ro code   0x800'3ce0   0x47c  iic.o [1]
  .text              ro code   0x800'415c    0x66  ABImemset.o [4]
  .text              ro code   0x800'41c4   0x16c  stm32f10x_rcc.o [1]
  .text              ro code   0x800'4330    0x34  vsprintf.o [2]
  .text              ro code   0x800'4364    0x78  misc.o [1]
  .text              ro code   0x800'43dc   0x1d8  stm32f10x_dma.o [1]
  .rodata            const     0x800'45b4   0x5f0  ssd1306_fonts.o [1]
  .text              ro code   0x800'4ba4   0x3ec  stm32f10x_tim.o [1]
  .text              ro code   0x800'4f90   0x2be  bmp280_user.o [1]
  .rodata            const     0x800'5250   0x254  ssd1306_fonts.o [1]
  .text              ro code   0x800'54a4   0x1f0  main.o [1]
  .text              ro code   0x800'5694    0xc8  sEEPROM_SPI.o [1]
  .text              ro code   0x800'575c    0x7a  stm32f10x_spi.o [1]
  .text              ro code   0x800'57d8   0x1d8  stm32f10x_it.o [1]
  .rodata            const     0x800'59b0   0x178  ssd1306_fonts.o [1]
  .text              ro code   0x800'5b28   0x118  system_stm32f10x.o [1]
  Initializer bytes  const     0x800'5c40    0x48  <for P2-1>
  .rodata            const     0x800'5c88    0x34  ssd1306_fonts.o [1]
  .text              ro code   0x800'5cbc    0x2c  copy_init3.o [4]
  .text              ro code   0x800'5ce8    0x28  data_init.o [4]
  .iar.init_table    const     0x800'5d10    0x24  - Linker created -
  .text              ro code   0x800'5d34    0x1e  cmain.o [4]
  .text              ro code   0x800'5d52     0x4  low_level_init.o [2]
  .text              ro code   0x800'5d56     0x4  exit.o [2]
  .text              ro code   0x800'5d5c     0xa  cexit.o [4]
  .rodata            const     0x800'5d68    0x10  user.o [1]
  .rodata            const     0x800'5d78    0x10  user.o [1]
  .rodata            const     0x800'5d88    0x10  user.o [1]
  .rodata            const     0x800'5d98    0x10  user.o [1]
  .text              ro code   0x800'5da8    0x10  startup_stm32f10x_md.o [1]
  .rodata            const     0x800'5db8     0xc  user.o [1]
  .rodata            const     0x800'5dc4     0xc  user.o [1]
  .text              ro code   0x800'5dd0     0xc  cstartup_M.o [4]
  .rodata            const     0x800'5ddc     0x8  user.o [1]
  .rodata            const     0x800'5de4     0x8  user.o [1]
  .rodata            const     0x800'5dec     0x8  user.o [1]
  .rodata            const     0x800'5df4     0x8  user.o [1]
  .rodata            const     0x800'5dfc     0x8  user.o [1]
  .rodata            const     0x800'5e04     0x8  user.o [1]
  .rodata            const     0x800'5e0c     0x8  user.o [1]
  .rodata            const     0x800'5e14     0x8  user.o [1]
  .rodata            const     0x800'5e1c     0x4  const_var.o [1]
  .rodata            const     0x800'5e20     0x4  const_var.o [1]
  .rodata            const     0x800'5e24     0x4  user.o [1]
  .text              ro code   0x800'5e28     0x4  startup_stm32f10x_md.o [1]
  .text              ro code   0x800'5e2c     0x4  startup_stm32f10x_md.o [1]
  .text              ro code   0x800'5e30     0x4  startup_stm32f10x_md.o [1]
  .text              ro code   0x800'5e34     0x4  startup_stm32f10x_md.o [1]
  .text              ro code   0x800'5e38     0x4  startup_stm32f10x_md.o [1]
  .text              ro code   0x800'5e3c     0x4  startup_stm32f10x_md.o [1]
  .text              ro code   0x800'5e40     0x4  startup_stm32f10x_md.o [1]
  .text              ro code   0x800'5e44     0x4  startup_stm32f10x_md.o [1]
  .text              ro code   0x800'5e48     0x4  startup_stm32f10x_md.o [1]
  .text              ro code   0x800'5e4c     0x4  startup_stm32f10x_md.o [1]
  .text              ro code   0x800'5e50     0x4  startup_stm32f10x_md.o [1]
  .text              ro code   0x800'5e54     0x4  startup_stm32f10x_md.o [1]
  .text              ro code   0x800'5e58     0x4  startup_stm32f10x_md.o [1]
  .text              ro code   0x800'5e5c     0x4  startup_stm32f10x_md.o [1]
  .text              ro code   0x800'5e60     0x4  startup_stm32f10x_md.o [1]
  .text              ro code   0x800'5e64     0x4  startup_stm32f10x_md.o [1]
  .text              ro code   0x800'5e68     0x4  startup_stm32f10x_md.o [1]
  .text              ro code   0x800'5e6c     0x4  startup_stm32f10x_md.o [1]
  .text              ro code   0x800'5e70     0x4  startup_stm32f10x_md.o [1]
  .text              ro code   0x800'5e74     0x4  startup_stm32f10x_md.o [1]
  .text              ro code   0x800'5e78     0x4  startup_stm32f10x_md.o [1]
  .text              ro code   0x800'5e7c     0x4  startup_stm32f10x_md.o [1]
  .text              ro code   0x800'5e80     0x4  startup_stm32f10x_md.o [1]
  .text              ro code   0x800'5e84     0x4  startup_stm32f10x_md.o [1]
  .text              ro code   0x800'5e88     0x4  startup_stm32f10x_md.o [1]
  .text              ro code   0x800'5e8c     0x4  startup_stm32f10x_md.o [1]
  .text              ro code   0x800'5e90     0x4  startup_stm32f10x_md.o [1]
  .text              ro code   0x800'5e94     0x4  startup_stm32f10x_md.o [1]
  .text              ro code   0x800'5e98     0x4  startup_stm32f10x_md.o [1]
  .text              ro code   0x800'5e9c     0x4  startup_stm32f10x_md.o [1]
  .text              ro code   0x800'5ea0     0x4  startup_stm32f10x_md.o [1]
  .text              ro code   0x800'5ea4     0x4  startup_stm32f10x_md.o [1]
  .text              ro code   0x800'5ea8     0x4  startup_stm32f10x_md.o [1]
  .text              ro code   0x800'5eac     0x4  startup_stm32f10x_md.o [1]
  .text              ro code   0x800'5eb0     0x4  startup_stm32f10x_md.o [1]
  .text              ro code   0x800'5eb4     0x4  startup_stm32f10x_md.o [1]
  .text              ro code   0x800'5eb8     0x4  startup_stm32f10x_md.o [1]
  .text              ro code   0x800'5ebc     0x4  startup_stm32f10x_md.o [1]
  .text              ro code   0x800'5ec0     0x4  startup_stm32f10x_md.o [1]
  .rodata            const     0x800'5ec4     0x0  zero_init3.o [4]
  .rodata            const     0x800'5ec4     0x0  copy_init3.o [4]
                             - 0x800'5ec4  0x5dd8

"P2", part 1 of 3:                           0x48
  P2-1                        0x2000'0000    0x46  <Init block>
    .data            inited   0x2000'0000     0x4  const_var.o [1]
    .data            inited   0x2000'0004     0x4  iic.o [1]
    .data            inited   0x2000'0008     0xc  ssd1306_fonts.o [1]
    .data            inited   0x2000'0014     0xc  ssd1306_fonts.o [1]
    .data            inited   0x2000'0020    0x10  stm32f10x_rcc.o [1]
    .data            inited   0x2000'0030     0x4  stm32f10x_rcc.o [1]
    .data            inited   0x2000'0034     0x4  user.o [1]
    .data            inited   0x2000'0038     0x4  user.o [1]
    .data            inited   0x2000'003c     0x4  user.o [1]
    .data            inited   0x2000'0040     0x2  const_var.o [1]
    .data            inited   0x2000'0042     0x2  const_var.o [1]
    .data            inited   0x2000'0044     0x2  const_var.o [1]
                            - 0x2000'0046    0x46

"P2", part 2 of 3:                          0x4c8
  .bss               zero     0x2000'0048   0x400  ssd1306.o [1]
  .bss               zero     0x2000'0448    0x34  const_var.o [1]
  .bss               zero     0x2000'047c    0x2c  iic.o [1]
  .bss               zero     0x2000'04a8     0x8  const_var.o [1]
  .bss               zero     0x2000'04b0     0x8  const_var.o [1]
  .bss               zero     0x2000'04b8     0x8  ssd1306.o [1]
  .bss               zero     0x2000'04c0     0x4  const_var.o [1]
  .bss               zero     0x2000'04c4     0x4  const_var.o [1]
  .bss               zero     0x2000'04c8     0x4  const_var.o [1]
  .bss               zero     0x2000'04cc     0x4  const_var.o [1]
  .bss               zero     0x2000'04d0     0x4  const_var.o [1]
  .bss               zero     0x2000'04d4     0x4  const_var.o [1]
  .bss               zero     0x2000'04d8     0x4  const_var.o [1]
  .bss               zero     0x2000'04dc     0x4  const_var.o [1]
  .bss               zero     0x2000'04e0     0x4  const_var.o [1]
  .bss               zero     0x2000'04e4     0x4  const_var.o [1]
  .bss               zero     0x2000'04e8     0x4  const_var.o [1]
  .bss               zero     0x2000'04ec     0x4  main.o [1]
  .bss               zero     0x2000'04f0     0x4  ssd1306.o [1]
  .bss               zero     0x2000'04f4     0x4  user.o [1]
  .bss               zero     0x2000'04f8     0x4  xfail_s.o [2]
  .bss               zero     0x2000'04fc     0x2  const_var.o [1]
  .bss               zero     0x2000'04fe     0x2  const_var.o [1]
  .bss               zero     0x2000'0500     0x2  const_var.o [1]
  .bss               zero     0x2000'0502     0x2  const_var.o [1]
  .bss               zero     0x2000'0504     0x1  const_var.o [1]
  .bss               zero     0x2000'0505     0x1  const_var.o [1]
  .bss               zero     0x2000'0506     0x1  const_var.o [1]
  .bss               zero     0x2000'0507     0x1  const_var.o [1]
  .bss               zero     0x2000'0508     0x1  const_var.o [1]
  .bss               zero     0x2000'0509     0x1  const_var.o [1]
  .bss               zero     0x2000'050a     0x1  const_var.o [1]
  .bss               zero     0x2000'050b     0x1  const_var.o [1]
  .bss               zero     0x2000'050c     0x1  user.o [1]
  .bss               zero     0x2000'050d     0x1  user.o [1]
  .bss               zero     0x2000'050e     0x1  user.o [1]
                            - 0x2000'050f   0x4c7

"P2", part 3 of 3:                          0x600
  CSTACK                      0x2000'0510   0x600  <Block>
    CSTACK           uninit   0x2000'0510   0x600  <Block tail>
                            - 0x2000'0b10   0x600

Unused ranges:

         From           To      Size
         ----           --      ----
   0x800'5ec4   0x80f'ffff  0xf'a13c
  0x2000'0b10  0x2001'7fff  0x1'74f0


*******************************************************************************
*** INIT TABLE
***

          Address      Size
          -------      ----
Zero (__iar_zero_init3)
    1 destination range, total size 0x4c7:
          0x2000'0048  0x4c7

Copy (__iar_copy_init3)
    1 source range, total size 0x48 (102% of destination):
           0x800'5c40   0x48
    1 destination range, total size 0x46:
          0x2000'0000   0x46



*******************************************************************************
*** MODULE SUMMARY
***

    Module                  ro code  ro data  rw data
    ------                  -------  -------  -------
command line/config:
    -------------------------------------------------
    Total:

D:\ARM_PROJECTS\STM32F103_Projects\SSD1306\projects\SSD1306_i2c\EWARM\J_LINK\Obj: [1]
    bmp280.o                  2 116        2
    bmp280_user.o               702
    const_var.o                           18      138
    display.o                   104
    iic.o                     1 148        4       48
    main.o                      496                 4
    misc.o                      120
    sEEPROM_SPI.o               200
    ssd1306.o                 1 540             1 036
    ssd1306_fonts.o                    2 568       24
    startup_stm32f10x_md.o      408
    stm32f10x_dma.o             472
    stm32f10x_gpio.o            278
    stm32f10x_i2c.o             602
    stm32f10x_it.o              472
    stm32f10x_pwr.o              56
    stm32f10x_rcc.o             364       20       20
    stm32f10x_spi.o             122
    stm32f10x_tim.o           1 004
    system_stm32f10x.o          280
    user.o                    1 844      168       19
    -------------------------------------------------
    Total:                   12 328    2 780    1 289

dl7M_tln.a: [2]
    abort.o                       6
    exit.o                        4
    low_level_init.o              4
    vsprintf.o                   52
    xfail_s.o                    64                 4
    xprintffull_nomb.o        3 570
    xsprout.o                    10
    -------------------------------------------------
    Total:                    3 710                 4

m7M_tl.a: [3]
    DblAdd.o                    378
    DblCmpGe.o                   46
    DblCmpLe.o                   46
    DblDiv.o                    582
    DblMul.o                    418
    DblSub.o                    226
    DblToFlt.o                  104
    DblToS32.o                   58
    DblToU32.o                   40
    FltCmpLe.o                   36
    FltDiv.o                    252
    FltMul.o                    216
    FltToDbl.o                   72
    S32ToDbl.o                   34
    S32ToFlt.o                   36
    U32ToDbl.o                   26
    U32ToFlt.o                   28
    U64ToDbl.o                   70
    U64ToFlt.o                   72
    frexp.o                     112
    ldexp.o                     314
    logx64.o                    864
    -------------------------------------------------
    Total:                    4 030

rt7M_tl.a: [4]
    ABImemclr4.o                  6
    ABImemcpy.o                 166
    ABImemset.o                 102
    ABImemset48.o                50
    I64DivMod.o                 628
    I64DivZer.o                   2
    cexit.o                      10
    cmain.o                      30
    copy_init3.o                 44
    cstartup_M.o                 12
    data_init.o                  40
    memchr.o                     88
    strchr.o                     22
    strlen.o                     54
    zero_init3.o                 58
    -------------------------------------------------
    Total:                    1 312

shb_l.a: [5]
    exit.o                       20
    -------------------------------------------------
    Total:                       20

    Gaps                         38        4
    Linker created                        38    1 536
-----------------------------------------------------
    Grand Total:             21 438    2 822    2 829


*******************************************************************************
*** ENTRY LIST
***

Entry                       Address   Size  Type      Object
-----                       -------   ----  ----      ------
.iar.init_table$$Base    0x800'5d10          --   Gb  - Linker created -
.iar.init_table$$Limit   0x800'5d34          --   Gb  - Linker created -
?main                    0x800'5d35         Code  Gb  cmain.o [4]
ADCPrescTable           0x2000'0030    0x4  Data  Lc  stm32f10x_rcc.o [1]
APBAHBPrescTable        0x2000'0020   0x10  Data  Lc  stm32f10x_rcc.o [1]
BMP280_I2C_Setup         0x800'517f   0x98  Code  Gb  bmp280_user.o [1]
BusFault_Handler         0x800'57df    0x2  Code  Gb  stm32f10x_it.o [1]
CSTACK$$Base            0x2000'0510          --   Gb  - Linker created -
CSTACK$$Limit           0x2000'0b10          --   Gb  - Linker created -
Cadence                 0x2000'04dc    0x4  Data  Gb  const_var.o [1]
Cadence_avg             0x2000'04e0    0x4  Data  Gb  const_var.o [1]
Cadence_max             0x2000'04e4    0x4  Data  Gb  const_var.o [1]
Capture1                0x2000'0040    0x2  Data  Gb  const_var.o [1]
Capture1_total          0x2000'04a8    0x8  Data  Gb  const_var.o [1]
Capture2                0x2000'0042    0x2  Data  Gb  const_var.o [1]
Capture2_total          0x2000'04b0    0x8  Data  Gb  const_var.o [1]
Count_stop_cad          0x2000'0505    0x1  Data  Gb  const_var.o [1]
Count_stop_vel          0x2000'0504    0x1  Data  Gb  const_var.o [1]
DEMCR                   0x2000'003c    0x4  Data  Gb  user.o [1]
DMA1_Channel6_IRQHandler
                         0x800'3e39   0x62  Code  Gb  iic.o [1]
DMA1_Channel7_IRQHandler
                         0x800'3e9b   0x28  Code  Gb  iic.o [1]
DMA_ClearFlag            0x800'4563   0x10  Code  Gb  stm32f10x_dma.o [1]
DMA_Cmd                  0x800'450b   0x1e  Code  Gb  stm32f10x_dma.o [1]
DMA_DeInit               0x800'43dd   0xf2  Code  Gb  stm32f10x_dma.o [1]
DMA_GetFlagStatus        0x800'4541   0x22  Code  Gb  stm32f10x_dma.o [1]
DMA_ITConfig             0x800'4529   0x18  Code  Gb  stm32f10x_dma.o [1]
DMA_Init                 0x800'44cf   0x3c  Code  Gb  stm32f10x_dma.o [1]
DWT_CONTROL             0x2000'0034    0x4  Data  Gb  user.o [1]
DWT_CYCCNT              0x2000'0038    0x4  Data  Gb  user.o [1]
DebugMon_Handler         0x800'57e5    0x2  Code  Gb  stm32f10x_it.o [1]
Distance_m              0x2000'04d4    0x4  Data  Gb  const_var.o [1]
Distance_total          0x2000'04d8    0x4  Data  Gb  const_var.o [1]
ErrorUserCallback        0x800'524d    0x2  Code  Gb  bmp280_user.o [1]
Fcad                    0x2000'0507    0x1  Data  Gb  const_var.o [1]
Fvel                    0x2000'0508    0x1  Data  Gb  const_var.o [1]
GPIO_Init                0x800'2bf1   0xea  Code  Gb  stm32f10x_gpio.o [1]
GPIO_InitStructure      0x2000'04ec    0x4  Data  Gb  main.o [1]
GPIO_ReadInputDataBit    0x800'2cdb   0x1c  Code  Gb  stm32f10x_gpio.o [1]
GPIO_ResetBits           0x800'2cff    0x8  Code  Gb  stm32f10x_gpio.o [1]
GPIO_SetBits             0x800'2cf7    0x8  Code  Gb  stm32f10x_gpio.o [1]
GPIO_Setup               0x800'5505   0x3c  Code  Gb  main.o [1]
GetButton1               0x800'24bd   0x42  Code  Gb  user.o [1]
GetButton1::Fres_       0x2000'050c    0x1  Data  Lc  user.o [1]
HardFault_Handler        0x800'57db    0x2  Code  Gb  stm32f10x_it.o [1]
Height                  0x2000'04e8    0x4  Data  Gb  const_var.o [1]
I2C_AcknowledgeConfig    0x800'34ad   0x1e  Code  Gb  stm32f10x_i2c.o [1]
I2C_CheckEvent           0x800'34f3   0x30  Code  Gb  stm32f10x_i2c.o [1]
I2C_Cmd                  0x800'3435   0x1e  Code  Gb  stm32f10x_i2c.o [1]
I2C_DMACmd               0x800'3453   0x1e  Code  Gb  stm32f10x_i2c.o [1]
I2C_DeInit               0x800'330d   0x36  Code  Gb  stm32f10x_i2c.o [1]
I2C_GenerateSTART        0x800'3471   0x1e  Code  Gb  stm32f10x_i2c.o [1]
I2C_GenerateSTOP         0x800'348f   0x1e  Code  Gb  stm32f10x_i2c.o [1]
I2C_GetFlagStatus        0x800'3523   0x44  Code  Gb  stm32f10x_i2c.o [1]
I2C_Init                 0x800'3343   0xe2  Code  Gb  stm32f10x_i2c.o [1]
I2C_ReceiveData          0x800'34d3    0x6  Code  Gb  stm32f10x_i2c.o [1]
I2C_Send7bitAddress      0x800'34d9   0x1a  Code  Gb  stm32f10x_i2c.o [1]
I2C_SendData             0x800'34cb    0x8  Code  Gb  stm32f10x_i2c.o [1]
IC3ReadValue1           0x2000'04fc    0x2  Data  Gb  const_var.o [1]
IC3ReadValue1_          0x2000'04fe    0x2  Data  Gb  const_var.o [1]
IC3ReadValue2           0x2000'0500    0x2  Data  Gb  const_var.o [1]
IC3ReadValue2_          0x2000'0502    0x2  Data  Gb  const_var.o [1]
Impulse_crank           0x2000'04c4    0x4  Data  Gb  const_var.o [1]
Impulse_wheel           0x2000'04c0    0x4  Data  Gb  const_var.o [1]
InitDisplay              0x800'3c55    0xa  Code  Gb  display.o [1]
Kc                       0x800'5e20    0x4  Data  Gb  const_var.o [1]
Kv                       0x800'5e1c    0x4  Data  Gb  const_var.o [1]
LoadInt                  0x800'029b   0x7a  Code  Lc  xprintffull_nomb.o [2]
MemManage_Handler        0x800'57dd    0x2  Code  Gb  stm32f10x_it.o [1]
NMI_Handler              0x800'57d9    0x2  Code  Gb  stm32f10x_it.o [1]
NVIC_Init                0x800'4365   0x66  Code  Gb  misc.o [1]
PWR_EnterSTANDBYMode     0x800'3573   0x20  Code  Gb  stm32f10x_pwr.o [1]
PWR_WakeUpPinCmd         0x800'3569    0xa  Code  Gb  stm32f10x_pwr.o [1]
PendSV_Handler           0x800'57e7    0x2  Code  Gb  stm32f10x_it.o [1]
RCC_AHBPeriphClockCmd    0x800'429d   0x1c  Code  Gb  stm32f10x_rcc.o [1]
RCC_APB1PeriphClockCmd   0x800'42d5   0x1c  Code  Gb  stm32f10x_rcc.o [1]
RCC_APB1PeriphResetCmd   0x800'42f1   0x1c  Code  Gb  stm32f10x_rcc.o [1]
RCC_APB2PeriphClockCmd   0x800'42b9   0x1c  Code  Gb  stm32f10x_rcc.o [1]
RCC_GetClocksFreq        0x800'41c5   0xd8  Code  Gb  stm32f10x_rcc.o [1]
Region$$Table$$Base      0x800'5d10          --   Gb  - Linker created -
Region$$Table$$Limit     0x800'5d34          --   Gb  - Linker created -
SPI_Cmd                  0x800'579b   0x1e  Code  Gb  stm32f10x_spi.o [1]
SPI_Init                 0x800'575d   0x3e  Code  Gb  stm32f10x_spi.o [1]
SPI_NSSInternalSoftwareConfig
                         0x800'57b9   0x1e  Code  Gb  stm32f10x_spi.o [1]
SSD1306                 0x2000'04b8    0x8  Data  Lc  ssd1306.o [1]
SSD1306_Buffer          0x2000'0048  0x400  Data  Lc  ssd1306.o [1]
SSD1306_DrawPixel        0x800'2f2b   0xda  Code  Gb  ssd1306.o [1]
SSD1306_Fill             0x800'2f05   0x26  Code  Gb  ssd1306.o [1]
SSD1306_GetCurrentX      0x800'300f    0x8  Code  Gb  ssd1306.o [1]
SSD1306_GetCurrentY      0x800'3017    0x8  Code  Gb  ssd1306.o [1]
SSD1306_GotoXY           0x800'3005    0xa  Code  Gb  ssd1306.o [1]
SSD1306_Init             0x800'2d09  0x150  Code  Gb  ssd1306.o [1]
SSD1306_Putc             0x800'3073  0x1be  Code  Gb  ssd1306.o [1]
SSD1306_Putspace         0x800'301f   0x54  Code  Gb  ssd1306.o [1]
SSD1306_UpdateScreen     0x800'2e59   0x4c  Code  Gb  ssd1306.o [1]
SSD1306_UpdateScreenDMA
                         0x800'2ea5   0x60  Code  Gb  ssd1306.o [1]
SSD1306_printf           0x800'3c65   0x58  Code  Gb  display.o [1]
SVC_Handler              0x800'57e3    0x2  Code  Gb  stm32f10x_it.o [1]
SetSysClock              0x800'5b6d    0x8  Code  Lc  system_stm32f10x.o [1]
SetSysClockTo72          0x800'5b75   0xae  Code  Lc  system_stm32f10x.o [1]
SysTick_Handler          0x800'57e9    0x2  Code  Gb  stm32f10x_it.o [1]
SystemInit               0x800'5b29   0x44  Code  Gb  system_stm32f10x.o [1]
TI1_Config               0x800'4d9d   0x68  Code  Lc  stm32f10x_tim.o [1]
TI2_Config               0x800'4e15   0x74  Code  Lc  stm32f10x_tim.o [1]
TI3_Config               0x800'4e8d   0x72  Code  Lc  stm32f10x_tim.o [1]
TI4_Config               0x800'4f05   0x74  Code  Lc  stm32f10x_tim.o [1]
TIM3_IRQHandler          0x800'57eb  0x160  Code  Gb  stm32f10x_it.o [1]
TIM4_IRQHandler          0x800'594b   0x1e  Code  Gb  stm32f10x_it.o [1]
TIM_ClearITPendingBit    0x800'4d93    0xa  Code  Gb  stm32f10x_tim.o [1]
TIM_Cmd                  0x800'4cd9   0x1e  Code  Gb  stm32f10x_tim.o [1]
TIM_GetCapture3          0x800'4d5b    0x4  Code  Gb  stm32f10x_tim.o [1]
TIM_GetCapture4          0x800'4d5f    0x6  Code  Gb  stm32f10x_tim.o [1]
TIM_GetITStatus          0x800'4d65   0x2e  Code  Gb  stm32f10x_tim.o [1]
TIM_ICInit               0x800'4c2f   0x98  Code  Gb  stm32f10x_tim.o [1]
TIM_ITConfig             0x800'4cf7   0x18  Code  Gb  stm32f10x_tim.o [1]
TIM_SetIC1Prescaler      0x800'4d0f   0x12  Code  Gb  stm32f10x_tim.o [1]
TIM_SetIC2Prescaler      0x800'4d21   0x14  Code  Gb  stm32f10x_tim.o [1]
TIM_SetIC3Prescaler      0x800'4d35   0x12  Code  Gb  stm32f10x_tim.o [1]
TIM_SetIC4Prescaler      0x800'4d47   0x14  Code  Gb  stm32f10x_tim.o [1]
TIM_TimeBaseInit         0x800'4ba5   0x8a  Code  Gb  stm32f10x_tim.o [1]
Tim3_Setup               0x800'5541   0xc4  Code  Gb  main.o [1]
Tim4_setup               0x800'5605   0x6a  Code  Gb  main.o [1]
UsageFault_Handler       0x800'57e1    0x2  Code  Gb  stm32f10x_it.o [1]
Velocity                0x2000'04c8    0x4  Data  Gb  const_var.o [1]
Velocity_avg            0x2000'04cc    0x4  Data  Gb  const_var.o [1]
Velocity_max            0x2000'04d0    0x4  Data  Gb  const_var.o [1]
Wheel_length            0x2000'0044    0x2  Data  Gb  const_var.o [1]
_GenldFullNoMb           0x800'0bdd  0x274  Code  Lc  xprintffull_nomb.o [2]
_LdtobFullNoMb           0x800'07d9  0x3d6  Code  Lc  xprintffull_nomb.o [2]
_LitobFullNoMb           0x800'0689  0x10a  Code  Lc  xprintffull_nomb.o [2]
_PrintfFullNoMb          0x800'00ed  0x19e  Code  Gb  xprintffull_nomb.o [2]
_PutcharsFullNoMb        0x800'0e51   0x2e  Code  Lc  xprintffull_nomb.o [2]
_PutfldFullNoMb          0x800'0315  0x268  Code  Lc  xprintffull_nomb.o [2]
_PuttxtFullNoMb          0x800'057d  0x10c  Code  Lc  xprintffull_nomb.o [2]
_SProut                  0x800'0f2f    0xa  Code  Gb  xsprout.o [2]
__NVIC_DisableIRQ        0x800'4faf   0x26  Code  Lc  bmp280_user.o [1]
__NVIC_EnableIRQ         0x800'4f91   0x1e  Code  Lc  bmp280_user.o [1]
__NVIC_SetPriority       0x800'54a5   0x2c  Code  Lc  main.o [1]
__aeabi_cdcmple          0x800'1539         Code  Gb  DblCmpLe.o [3]
__aeabi_cdrcmple         0x800'1569         Code  Gb  DblCmpGe.o [3]
__aeabi_cfcmple          0x800'3c31         Code  Gb  FltCmpLe.o [3]
__aeabi_d2f              0x800'3901         Code  Gb  DblToFlt.o [3]
__aeabi_d2iz             0x800'16d5         Code  Gb  DblToS32.o [3]
__aeabi_d2uiz            0x800'1a61         Code  Gb  DblToU32.o [3]
__aeabi_dadd             0x800'1aad         Code  Gb  DblAdd.o [3]
__aeabi_ddiv             0x800'1819         Code  Gb  DblDiv.o [3]
__aeabi_dmul             0x800'127d         Code  Gb  DblMul.o [3]
__aeabi_dsub             0x800'1735         Code  Gb  DblSub.o [3]
__aeabi_f2d              0x800'3b59         Code  Gb  FltToDbl.o [3]
__aeabi_fdiv             0x800'3985         Code  Gb  FltDiv.o [3]
__aeabi_fmul             0x800'3a81         Code  Gb  FltMul.o [3]
__aeabi_i2d              0x800'1711         Code  Gb  S32ToDbl.o [3]
__aeabi_i2f              0x800'3cbd         Code  Gb  S32ToFlt.o [3]
__aeabi_ldiv0            0x800'1aa9         Code  Gb  I64DivZer.o [4]
__aeabi_ldivmod          0x800'1009         Code  Gb  I64DivMod.o [4]
__aeabi_memclr4          0x800'2481         Code  Gb  ABImemclr4.o [4]
__aeabi_memcpy           0x800'1421         Code  Gb  ABImemcpy.o [4]
__aeabi_memcpy4          0x800'1441         Code  Gb  ABImemcpy.o [4]
__aeabi_memcpy8          0x800'1441         Code  Gb  ABImemcpy.o [4]
__aeabi_memset           0x800'415d         Code  Gb  ABImemset.o [4]
__aeabi_ui2d             0x800'1a89         Code  Gb  U32ToDbl.o [3]
__aeabi_ui2f             0x800'3969         Code  Gb  U32ToFlt.o [3]
__aeabi_ul2d             0x800'3ba1         Code  Gb  U64ToDbl.o [3]
__aeabi_ul2f             0x800'3be9         Code  Gb  U64ToFlt.o [3]
__aeabi_uldivmod         0x800'104d         Code  Gb  I64DivMod.o [4]
__cmain                  0x800'5d35         Code  Gb  cmain.o [4]
__exit                   0x800'1c29   0x14  Code  Gb  exit.o [5]
__iar_Fail_s             0x800'0f39   0x1c  Code  Gb  xfail_s.o [2]
__iar_Log64              0x800'35a1  0x2c0  Code  Lc  logx64.o [3]
__iar_Memchr             0x800'0fb1         Code  Gb  memchr.o [4]
__iar_Memset             0x800'415d         Code  Gb  ABImemset.o [4]
__iar_Memset4_word       0x800'2489         Code  Gb  ABImemset48.o [4]
__iar_Memset8_word       0x800'2489         Code  Gb  ABImemset48.o [4]
__iar_Memset_word        0x800'4165         Code  Gb  ABImemset.o [4]
__iar_Strchr             0x800'0f19         Code  Gb  strchr.o [4]
__iar_copy_init3         0x800'5cbd   0x2c  Code  Gb  copy_init3.o [4]
__iar_dadd               0x800'1745         Code  Gb  DblSub.o [3]
__iar_data_init3         0x800'5ce9   0x28  Code  Gb  data_init.o [4]
__iar_dsub               0x800'1abd         Code  Gb  DblAdd.o [3]
__iar_dsubStart          0x800'1acf         Code  Gb  DblAdd.o [3]
__iar_frexp              0x800'14d5         Code  Gb  frexp.o [3]
__iar_frexp64            0x800'14c9         Code  Gb  frexp.o [3]
__iar_frexpl             0x800'14d5         Code  Gb  frexp.o [3]
__iar_ldexp64            0x800'1599         Code  Gb  ldexp.o [3]
__iar_log64              0x800'38fd    0x4  Code  Gb  logx64.o [3]
__iar_log_medium         0x800'38fd    0x4  Code  Gb  logx64.o [3]
__iar_log_medium64       0x800'38fd    0x4  Code  Gb  logx64.o [3]
__iar_log_mediuml        0x800'38fd    0x4  Code  Gb  logx64.o [3]
__iar_program_start      0x800'5dd1         Code  Gb  cstartup_M.o [4]
__iar_scalbln64          0x800'1599         Code  Gb  ldexp.o [3]
__iar_scalbn64           0x800'1599         Code  Gb  ldexp.o [3]
__iar_zero_init3         0x800'0edf   0x3a  Code  Gb  zero_init3.o [4]
__low_level_init         0x800'5d53    0x4  Code  Gb  low_level_init.o [2]
__vector_table           0x800'0000         Data  Gb  startup_stm32f10x_md.o [1]
_call_main               0x800'5d41         Code  Gb  cmain.o [4]
_exit                    0x800'5d5d         Code  Gb  cexit.o [4]
_main                    0x800'5d4f         Code  Gb  cmain.o [4]
abort                    0x800'1aa3    0x6  Code  Gb  abort.o [2]
bmp                     0x2000'0448   0x34  Data  Gb  const_var.o [1]
bmp280_get_comp_pres_64bit
                         0x800'2005  0x20e  Code  Gb  bmp280.o [1]
bmp280_get_comp_temp_32bit
                         0x800'1f77   0x8e  Code  Gb  bmp280.o [1]
bmp280_get_config        0x800'1e37   0x7c  Code  Gb  bmp280.o [1]
bmp280_get_regs          0x800'1c3d   0x58  Code  Gb  bmp280.o [1]
bmp280_get_uncomp_data   0x800'1ef1   0x86  Code  Gb  bmp280.o [1]
bmp280_init              0x800'1d93   0xa4  Code  Gb  bmp280.o [1]
bmp280_set_config        0x800'1eb3   0x12  Code  Gb  bmp280.o [1]
bmp280_set_power_mode    0x800'1ec5   0x2c  Code  Gb  bmp280.o [1]
bmp280_set_regs          0x800'1c95   0xc2  Code  Gb  bmp280.o [1]
bmp280_soft_reset        0x800'1d57   0x3c  Code  Gb  bmp280.o [1]
conf_sensor              0x800'234b   0xec  Code  Lc  bmp280.o [1]
count                   0x2000'04f4    0x4  Data  Gb  user.o [1]
dSEG7Classic_20ptBitmaps
                         0x800'5250  0x254  Data  Gb  ssd1306_fonts.o [1]
dSEG7Classic_20ptDescriptors
                         0x800'5c88   0x34  Data  Gb  ssd1306_fonts.o [1]
dSEG7Classic_20ptFontInfo
                        0x2000'0008    0xc  Data  Gb  ssd1306_fonts.o [1]
display_frame_n         0x2000'0509    0x1  Data  Gb  const_var.o [1]
display_frame_nw        0x2000'050a    0x1  Data  Gb  const_var.o [1]
exit                     0x800'5d57    0x4  Code  Gb  exit.o [2]
frexp                    0x800'14c9         Code  Gb  frexp.o [3]
frexpl                   0x800'14c9         Code  Gb  frexp.o [3]
get_calib_param          0x800'226f   0xdc  Code  Lc  bmp280.o [1]
hi2c1                   0x2000'04f0    0x4  Data  Gb  ssd1306.o [1]
i2cm_Start               0x800'3feb   0xaa  Code  Gb  iic.o [1]
i2cm_Stop                0x800'4095   0x36  Code  Gb  iic.o [1]
i2cm_WriteBuff           0x800'40cb   0x50  Code  Gb  iic.o [1]
i2cm_init                0x800'3ce1  0x158  Code  Gb  iic.o [1]
iic_WritePage            0x800'3ec5   0xf6  Code  Gb  iic.o [1]
interleave_data          0x800'2237   0x38  Code  Lc  bmp280.o [1]
ldexp                    0x800'1599         Code  Gb  ldexp.o [3]
ldexpl                   0x800'1599         Code  Gb  ldexp.o [3]
lessPerfectDOSVGA_13ptBitmaps
                         0x800'45b4  0x5f0  Data  Gb  ssd1306_fonts.o [1]
lessPerfectDOSVGA_13ptDescriptors
                         0x800'59b0  0x178  Data  Gb  ssd1306_fonts.o [1]
lessPerfectDOSVGA_13ptFontInfo
                        0x2000'0014    0xc  Data  Gb  ssd1306_fonts.o [1]
log                      0x800'38fd    0x4  Code  Gb  logx64.o [3]
logl                     0x800'38fd    0x4  Code  Gb  logx64.o [3]
main                     0x800'54d1   0x34  Code  Gb  main.o [1]
memchr                   0x800'0fb1         Code  Gb  memchr.o [4]
null_ptr_check           0x800'2213   0x24  Code  Lc  bmp280.o [1]
pres64_                 0x2000'0000    0x4  Data  Gb  const_var.o [1]
prog_state              0x2000'0506    0x1  Data  Gb  const_var.o [1]
sEEDMA_InitStructure    0x2000'047c   0x2c  Data  Gb  iic.o [1]
sEETimeout              0x2000'0004    0x4  Data  Gb  iic.o [1]
sEE_Init                 0x800'5695   0x6a  Code  Gb  sEEPROM_SPI.o [1]
sEE_LowLevel_DMAConfig   0x800'3fbb   0x30  Code  Gb  iic.o [1]
sEE_LowLevel_Init        0x800'56ff   0x54  Code  Gb  sEEPROM_SPI.o [1]
sEE_TIMEOUT_UserCallback
                         0x800'3ec3    0x2  Code  Gb  iic.o [1]
scalbln                  0x800'1599         Code  Gb  ldexp.o [3]
scalblnl                 0x800'1599         Code  Gb  ldexp.o [3]
scalbn                   0x800'1599         Code  Gb  ldexp.o [3]
scalbnl                  0x800'1599         Code  Gb  ldexp.o [3]
scale                    0x800'0793   0x46  Code  Lc  xprintffull_nomb.o [2]
sec_hand                0x2000'04f8    0x4  Data  Lc  xfail_s.o [2]
ssd1306_I2C_Init         0x800'3239    0xe  Code  Gb  ssd1306.o [1]
ssd1306_I2C_Write        0x800'32ab   0x48  Code  Gb  ssd1306.o [1]
ssd1306_I2C_WriteMulti   0x800'3247   0x64  Code  Gb  ssd1306.o [1]
st_check_boundaries      0x800'2437   0x42  Code  Lc  bmp280.o [1]
standby_cntr            0x2000'050b    0x1  Data  Gb  const_var.o [1]
strchr                   0x800'0f19         Code  Gb  strchr.o [4]
strlen                   0x800'0f79         Code  Gb  strlen.o [4]
user_delay_ms            0x800'5153   0x2c  Code  Gb  bmp280_user.o [1]
user_i2c_read            0x800'4fd5   0xee  Code  Gb  bmp280_user.o [1]
user_i2c_write           0x800'50c3   0x90  Code  Gb  bmp280_user.o [1]
user_program             0x800'24ff  0x60a  Code  Gb  user.o [1]
user_program::Distance_tmp
                        0x2000'050e    0x1  Data  Lc  user.o [1]
user_program::tgl       0x2000'050d    0x1  Data  Lc  user.o [1]
vsprintf                 0x800'4331   0x34  Code  Gb  vsprintf.o [2]


[1] = D:\ARM_PROJECTS\STM32F103_Projects\SSD1306\projects\SSD1306_i2c\EWARM\J_LINK\Obj
[2] = dl7M_tln.a
[3] = m7M_tl.a
[4] = rt7M_tl.a
[5] = shb_l.a

  21 438 bytes of readonly  code memory
   2 822 bytes of readonly  data memory
   2 829 bytes of readwrite data memory

Errors: none
Warnings: none
